[0.028s] Invoking command in '/home/bars/icarus_ws/build/ros2_control_demo_example_12': CMAKE_PREFIX_PATH=/home/bars/icarus_ws/install/ros2_control_demo_description:/home/bars/icarus_ws/install/ros2_control_demos:/home/bars/icarus_ws/install/ros2_control_demo_example_9:/home/bars/icarus_ws/install/ros2_control_demo_example_8:/home/bars/icarus_ws/install/ros2_control_demo_example_7:/home/bars/icarus_ws/install/ros2_control_demo_example_6:/home/bars/icarus_ws/install/ros2_control_demo_example_15:/home/bars/icarus_ws/install/ros2_control_demo_example_13:/home/bars/icarus_ws/install/ros2_control_demo_example_5:/home/bars/icarus_ws/install/ros2_control_demo_example_4:/home/bars/icarus_ws/install/ros2_control_demo_example_3:/home/bars/icarus_ws/install/ros2_control_demo_example_2:/home/bars/icarus_ws/install/ros2_control_demo_example_14:/home/bars/icarus_ws/install/ros2_control_demo_example_12:/home/bars/icarus_ws/install/ros2_control_demo_example_11:/home/bars/icarus_ws/install/ros2_control_demo_example_10:/home/bars/icarus_ws/install/ros2_control_demo_example_1:/opt/ros/humble /usr/bin/cmake /home/bars/icarus_ws/src/ros2_control_demos/example_12 -DAMENT_CMAKE_SYMLINK_INSTALL=1 -DCMAKE_INSTALL_PREFIX=/home/bars/icarus_ws/install/ros2_control_demo_example_12
[0.084s] -- The CXX compiler identification is GNU 11.4.0
[0.089s] -- Detecting CXX compiler ABI info
[0.158s] -- Detecting CXX compiler ABI info - done
[0.166s] -- Check for working CXX compiler: /usr/bin/c++ - skipped
[0.166s] -- Detecting CXX compile features
[0.167s] -- Detecting CXX compile features - done
[0.169s] -- Found ament_cmake: 1.3.12 (/opt/ros/humble/share/ament_cmake/cmake)
[0.270s] -- Found Python3: /usr/bin/python3 (found version "3.10.12") found components: Interpreter 
[0.318s] -- Override CMake install command with custom implementation using symlinks instead of copying resources
[0.347s] -- Found hardware_interface: 2.52.2 (/opt/ros/humble/share/hardware_interface/cmake)
[0.395s] -- Found rosidl_generator_c: 3.1.7 (/opt/ros/humble/share/rosidl_generator_c/cmake)
[0.400s] -- Found rosidl_adapter: 3.1.7 (/opt/ros/humble/share/rosidl_adapter/cmake)
[0.405s] -- Found rosidl_generator_cpp: 3.1.7 (/opt/ros/humble/share/rosidl_generator_cpp/cmake)
[0.413s] -- Using all available rosidl_typesupport_c: rosidl_typesupport_fastrtps_c;rosidl_typesupport_introspection_c
[0.423s] -- Using all available rosidl_typesupport_cpp: rosidl_typesupport_fastrtps_cpp;rosidl_typesupport_introspection_cpp
[0.563s] -- Found rmw_implementation_cmake: 6.1.2 (/opt/ros/humble/share/rmw_implementation_cmake/cmake)
[0.566s] -- Found rmw_fastrtps_cpp: 6.2.9 (/opt/ros/humble/share/rmw_fastrtps_cpp/cmake)
[0.584s] -- Found TinyXML2 via Config file: TinyXML2_DIR-NOTFOUND
[0.624s] -- Found OpenSSL: /usr/lib/x86_64-linux-gnu/libcrypto.so (found version "3.0.2")  
[0.625s] -- Found TinyXML2 via Config file: TinyXML2_DIR-NOTFOUND
[0.636s] -- Found FastRTPS: /opt/ros/humble/include  
[0.638s] -- Found TinyXML2 via Config file: TinyXML2_DIR-NOTFOUND
[0.646s] -- Found TinyXML2 via Config file: TinyXML2_DIR-NOTFOUND
[0.656s] -- Using RMW implementation 'rmw_fastrtps_cpp' as default
[0.665s] -- Looking for C++ include pthread.h
[0.782s] -- Looking for C++ include pthread.h - found
[0.782s] -- Performing Test CMAKE_HAVE_LIBC_PTHREAD
[0.895s] -- Performing Test CMAKE_HAVE_LIBC_PTHREAD - Success
[0.896s] -- Found Threads: TRUE  
[0.930s] -- Found generate_parameter_library: 0.5.0 (/opt/ros/humble/share/generate_parameter_library/cmake)
[0.932s] -- Found parameter_traits: 0.5.0 (/opt/ros/humble/share/parameter_traits/cmake)
[0.956s] -- Found controller_interface: 2.52.2 (/opt/ros/humble/share/controller_interface/cmake)
[0.959s] -- Found realtime_tools: 2.14.1 (/opt/ros/humble/share/realtime_tools/cmake)
[0.987s] -- Found ament_cmake_pytest: 1.3.12 (/opt/ros/humble/share/ament_cmake_pytest/cmake)
[1.317s] -- Found ament_cmake_ros: 0.10.0 (/opt/ros/humble/share/ament_cmake_ros/cmake)
[1.324s] -- Found launch_testing_ament_cmake: 1.0.13 (/opt/ros/humble/share/launch_testing_ament_cmake/cmake)
[1.326s] -- Found python_cmake_module: 0.10.0 (/opt/ros/humble/share/python_cmake_module/cmake)
[1.350s] -- Found PythonInterp: /usr/bin/python3 (found suitable version "3.10.12", minimum required is "3.6") 
[1.358s] -- Found PythonLibs: /usr/lib/x86_64-linux-gnu/libpython3.10.so (found suitable version "3.10.12", minimum required is "3.5") 
[1.359s] -- Using PYTHON_EXECUTABLE: /usr/bin/python3
[1.359s] -- Using PYTHON_INCLUDE_DIRS: /usr/include/python3.10
[1.359s] -- Using PYTHON_LIBRARIES: /usr/lib/x86_64-linux-gnu/libpython3.10.so
[1.375s] -- Found PythonExtra: .so  
[1.454s] -- Configuring done
[1.474s] -- Generating done
[1.481s] -- Build files have been written to: /home/bars/icarus_ws/build/ros2_control_demo_example_12
[1.492s] Invoked command in '/home/bars/icarus_ws/build/ros2_control_demo_example_12' returned '0': CMAKE_PREFIX_PATH=/home/bars/icarus_ws/install/ros2_control_demo_description:/home/bars/icarus_ws/install/ros2_control_demos:/home/bars/icarus_ws/install/ros2_control_demo_example_9:/home/bars/icarus_ws/install/ros2_control_demo_example_8:/home/bars/icarus_ws/install/ros2_control_demo_example_7:/home/bars/icarus_ws/install/ros2_control_demo_example_6:/home/bars/icarus_ws/install/ros2_control_demo_example_15:/home/bars/icarus_ws/install/ros2_control_demo_example_13:/home/bars/icarus_ws/install/ros2_control_demo_example_5:/home/bars/icarus_ws/install/ros2_control_demo_example_4:/home/bars/icarus_ws/install/ros2_control_demo_example_3:/home/bars/icarus_ws/install/ros2_control_demo_example_2:/home/bars/icarus_ws/install/ros2_control_demo_example_14:/home/bars/icarus_ws/install/ros2_control_demo_example_12:/home/bars/icarus_ws/install/ros2_control_demo_example_11:/home/bars/icarus_ws/install/ros2_control_demo_example_10:/home/bars/icarus_ws/install/ros2_control_demo_example_1:/opt/ros/humble /usr/bin/cmake /home/bars/icarus_ws/src/ros2_control_demos/example_12 -DAMENT_CMAKE_SYMLINK_INSTALL=1 -DCMAKE_INSTALL_PREFIX=/home/bars/icarus_ws/install/ros2_control_demo_example_12
[1.494s] Invoking command in '/home/bars/icarus_ws/build/ros2_control_demo_example_12': CMAKE_PREFIX_PATH=/home/bars/icarus_ws/install/ros2_control_demo_description:/home/bars/icarus_ws/install/ros2_control_demos:/home/bars/icarus_ws/install/ros2_control_demo_example_9:/home/bars/icarus_ws/install/ros2_control_demo_example_8:/home/bars/icarus_ws/install/ros2_control_demo_example_7:/home/bars/icarus_ws/install/ros2_control_demo_example_6:/home/bars/icarus_ws/install/ros2_control_demo_example_15:/home/bars/icarus_ws/install/ros2_control_demo_example_13:/home/bars/icarus_ws/install/ros2_control_demo_example_5:/home/bars/icarus_ws/install/ros2_control_demo_example_4:/home/bars/icarus_ws/install/ros2_control_demo_example_3:/home/bars/icarus_ws/install/ros2_control_demo_example_2:/home/bars/icarus_ws/install/ros2_control_demo_example_14:/home/bars/icarus_ws/install/ros2_control_demo_example_12:/home/bars/icarus_ws/install/ros2_control_demo_example_11:/home/bars/icarus_ws/install/ros2_control_demo_example_10:/home/bars/icarus_ws/install/ros2_control_demo_example_1:/opt/ros/humble /usr/bin/cmake --build /home/bars/icarus_ws/build/ros2_control_demo_example_12 -- -j20 -l20
[1.596s] [ 16%] [32mBuilding CXX object CMakeFiles/ros2_control_demo_example_12.dir/hardware/rrbot.cpp.o[0m
[1.596s] [ 33%] [34m[1mRunning `/opt/ros/humble/bin/generate_parameter_library_cpp /home/bars/icarus_ws/build/ros2_control_demo_example_12/include/ros2_control_demo_example_12/passthrough_controller_parameters.hpp /home/bars/icarus_ws/src/ros2_control_demos/example_12/controllers/src/passthrough_controller_parameters.yaml `[0m
[1.701s] [ 50%] [34m[1mCreating deprecated header file /home/bars/icarus_ws/build/ros2_control_demo_example_12/include/passthrough_controller_parameters.hpp[0m
[1.719s] [ 50%] Built target passthrough_controller_parameters
[1.739s] [ 66%] [32mBuilding CXX object CMakeFiles/passthrough_controller.dir/controllers/src/passthrough_controller.cpp.o[0m
[6.655s] [ 83%] [32m[1mLinking CXX shared library libros2_control_demo_example_12.so[0m
[6.853s] [ 83%] Built target ros2_control_demo_example_12
[10.560s] [100%] [32m[1mLinking CXX shared library libpassthrough_controller.so[0m
[10.859s] [100%] Built target passthrough_controller
[10.867s] Invoked command in '/home/bars/icarus_ws/build/ros2_control_demo_example_12' returned '0': CMAKE_PREFIX_PATH=/home/bars/icarus_ws/install/ros2_control_demo_description:/home/bars/icarus_ws/install/ros2_control_demos:/home/bars/icarus_ws/install/ros2_control_demo_example_9:/home/bars/icarus_ws/install/ros2_control_demo_example_8:/home/bars/icarus_ws/install/ros2_control_demo_example_7:/home/bars/icarus_ws/install/ros2_control_demo_example_6:/home/bars/icarus_ws/install/ros2_control_demo_example_15:/home/bars/icarus_ws/install/ros2_control_demo_example_13:/home/bars/icarus_ws/install/ros2_control_demo_example_5:/home/bars/icarus_ws/install/ros2_control_demo_example_4:/home/bars/icarus_ws/install/ros2_control_demo_example_3:/home/bars/icarus_ws/install/ros2_control_demo_example_2:/home/bars/icarus_ws/install/ros2_control_demo_example_14:/home/bars/icarus_ws/install/ros2_control_demo_example_12:/home/bars/icarus_ws/install/ros2_control_demo_example_11:/home/bars/icarus_ws/install/ros2_control_demo_example_10:/home/bars/icarus_ws/install/ros2_control_demo_example_1:/opt/ros/humble /usr/bin/cmake --build /home/bars/icarus_ws/build/ros2_control_demo_example_12 -- -j20 -l20
[10.867s] Invoking command in '/home/bars/icarus_ws/build/ros2_control_demo_example_12': CMAKE_PREFIX_PATH=/home/bars/icarus_ws/install/ros2_control_demo_description:/home/bars/icarus_ws/install/ros2_control_demos:/home/bars/icarus_ws/install/ros2_control_demo_example_9:/home/bars/icarus_ws/install/ros2_control_demo_example_8:/home/bars/icarus_ws/install/ros2_control_demo_example_7:/home/bars/icarus_ws/install/ros2_control_demo_example_6:/home/bars/icarus_ws/install/ros2_control_demo_example_15:/home/bars/icarus_ws/install/ros2_control_demo_example_13:/home/bars/icarus_ws/install/ros2_control_demo_example_5:/home/bars/icarus_ws/install/ros2_control_demo_example_4:/home/bars/icarus_ws/install/ros2_control_demo_example_3:/home/bars/icarus_ws/install/ros2_control_demo_example_2:/home/bars/icarus_ws/install/ros2_control_demo_example_14:/home/bars/icarus_ws/install/ros2_control_demo_example_12:/home/bars/icarus_ws/install/ros2_control_demo_example_11:/home/bars/icarus_ws/install/ros2_control_demo_example_10:/home/bars/icarus_ws/install/ros2_control_demo_example_1:/opt/ros/humble /usr/bin/cmake --install /home/bars/icarus_ws/build/ros2_control_demo_example_12
[10.873s] -- Install configuration: ""
[10.873s] -- Execute custom install script
[10.874s] -- Symlinking: /home/bars/icarus_ws/install/ros2_control_demo_example_12/share/ros2_control_demo_example_12//ros2_control_demo_example_12.xml
[10.881s] -- Symlinking: /home/bars/icarus_ws/install/ros2_control_demo_example_12/include/ros2_control_demo_example_12/passthrough_controller_parameters.hpp
[10.887s] -- Symlinking: /home/bars/icarus_ws/install/ros2_control_demo_example_12/share/ros2_control_demo_example_12//passthrough_controller.xml
[10.896s] -- Symlinking: /home/bars/icarus_ws/install/ros2_control_demo_example_12/include/ros2_control_demo_example_12/ros2_control_demo_example_12/rrbot.hpp
[10.904s] -- Symlinking: /home/bars/icarus_ws/install/ros2_control_demo_example_12/share/ros2_control_demo_example_12/launch/view_robot.launch.py
[10.911s] -- Symlinking: /home/bars/icarus_ws/install/ros2_control_demo_example_12/share/ros2_control_demo_example_12/ros2_control/rrbot.ros2_control.xacro
[10.917s] -- Symlinking: /home/bars/icarus_ws/install/ros2_control_demo_example_12/share/ros2_control_demo_example_12/urdf/rrbot.urdf.xacro
[10.925s] -- Symlinking: /home/bars/icarus_ws/install/ros2_control_demo_example_12/share/ros2_control_demo_example_12/launch/launch_chained_controllers.launch.py
[10.931s] -- Symlinking: /home/bars/icarus_ws/install/ros2_control_demo_example_12/share/ros2_control_demo_example_12/launch/rrbot.launch.py
[10.937s] -- Symlinking: /home/bars/icarus_ws/install/ros2_control_demo_example_12/share/ros2_control_demo_example_12/config/rrbot_chained_controllers.yaml
[10.944s] -- Symlinking: /home/bars/icarus_ws/install/ros2_control_demo_example_12/include/passthrough_controller/passthrough_controller/passthrough_controller.hpp
[10.950s] -- Symlinking: /home/bars/icarus_ws/install/ros2_control_demo_example_12/share/ros2_control_demo_example_12/environment/library_path.sh
[10.958s] -- Symlinking: /home/bars/icarus_ws/install/ros2_control_demo_example_12/share/ros2_control_demo_example_12/environment/library_path.dsv
[10.964s] -- Symlinking: /home/bars/icarus_ws/install/ros2_control_demo_example_12/share/ament_index/resource_index/package_run_dependencies/ros2_control_demo_example_12
[10.970s] -- Symlinking: /home/bars/icarus_ws/install/ros2_control_demo_example_12/share/ament_index/resource_index/parent_prefix_path/ros2_control_demo_example_12
[10.978s] -- Symlinking: /home/bars/icarus_ws/install/ros2_control_demo_example_12/share/ros2_control_demo_example_12/environment/ament_prefix_path.sh
[10.986s] -- Symlinking: /home/bars/icarus_ws/install/ros2_control_demo_example_12/share/ros2_control_demo_example_12/environment/ament_prefix_path.dsv
[10.992s] -- Symlinking: /home/bars/icarus_ws/install/ros2_control_demo_example_12/share/ros2_control_demo_example_12/environment/path.sh
[11.000s] -- Symlinking: /home/bars/icarus_ws/install/ros2_control_demo_example_12/share/ros2_control_demo_example_12/environment/path.dsv
[11.007s] -- Symlinking: /home/bars/icarus_ws/install/ros2_control_demo_example_12/share/ros2_control_demo_example_12/local_setup.bash
[11.013s] -- Symlinking: /home/bars/icarus_ws/install/ros2_control_demo_example_12/share/ros2_control_demo_example_12/local_setup.sh
[11.021s] -- Symlinking: /home/bars/icarus_ws/install/ros2_control_demo_example_12/share/ros2_control_demo_example_12/local_setup.zsh
[11.027s] -- Symlinking: /home/bars/icarus_ws/install/ros2_control_demo_example_12/share/ros2_control_demo_example_12/local_setup.dsv
[11.034s] -- Symlinking: /home/bars/icarus_ws/install/ros2_control_demo_example_12/share/ros2_control_demo_example_12/package.dsv
[11.041s] -- Symlinking: /home/bars/icarus_ws/install/ros2_control_demo_example_12/share/ament_index/resource_index/packages/ros2_control_demo_example_12
[11.047s] -- Symlinking: /home/bars/icarus_ws/install/ros2_control_demo_example_12/share/ament_index/resource_index/hardware_interface__pluginlib__plugin/ros2_control_demo_example_12
[11.054s] -- Symlinking: /home/bars/icarus_ws/install/ros2_control_demo_example_12/share/ament_index/resource_index/controller_interface__pluginlib__plugin/ros2_control_demo_example_12
[11.061s] -- Symlinking: /home/bars/icarus_ws/install/ros2_control_demo_example_12/share/ros2_control_demo_example_12/cmake/ament_cmake_export_dependencies-extras.cmake
[11.067s] -- Symlinking: /home/bars/icarus_ws/install/ros2_control_demo_example_12/share/ros2_control_demo_example_12/cmake/ament_cmake_export_targets-extras.cmake
[11.073s] -- Symlinking: /home/bars/icarus_ws/install/ros2_control_demo_example_12/share/ros2_control_demo_example_12/cmake/ros2_control_demo_example_12Config.cmake
[11.080s] -- Symlinking: /home/bars/icarus_ws/install/ros2_control_demo_example_12/share/ros2_control_demo_example_12/cmake/ros2_control_demo_example_12Config-version.cmake
[11.086s] -- Symlinking: /home/bars/icarus_ws/install/ros2_control_demo_example_12/share/ros2_control_demo_example_12/package.xml
[11.091s] -- Installing: /home/bars/icarus_ws/install/ros2_control_demo_example_12/lib/libros2_control_demo_example_12.so
[11.092s] -- Set runtime path of "/home/bars/icarus_ws/install/ros2_control_demo_example_12/lib/libros2_control_demo_example_12.so" to ""
[11.092s] -- Installing: /home/bars/icarus_ws/install/ros2_control_demo_example_12/lib/libpassthrough_controller.so
[11.095s] -- Set runtime path of "/home/bars/icarus_ws/install/ros2_control_demo_example_12/lib/libpassthrough_controller.so" to ""
[11.095s] -- Installing: /home/bars/icarus_ws/install/ros2_control_demo_example_12/share/ros2_control_demo_example_12/cmake/export_passthrough_controllerExport.cmake
[11.095s] -- Installing: /home/bars/icarus_ws/install/ros2_control_demo_example_12/share/ros2_control_demo_example_12/cmake/export_passthrough_controllerExport-noconfig.cmake
[11.096s] -- Installing: /home/bars/icarus_ws/install/ros2_control_demo_example_12/share/ros2_control_demo_example_12/cmake/export_ros2_control_demo_example_12Export.cmake
[11.096s] -- Installing: /home/bars/icarus_ws/install/ros2_control_demo_example_12/share/ros2_control_demo_example_12/cmake/export_ros2_control_demo_example_12Export-noconfig.cmake
[11.097s] Invoked command in '/home/bars/icarus_ws/build/ros2_control_demo_example_12' returned '0': CMAKE_PREFIX_PATH=/home/bars/icarus_ws/install/ros2_control_demo_description:/home/bars/icarus_ws/install/ros2_control_demos:/home/bars/icarus_ws/install/ros2_control_demo_example_9:/home/bars/icarus_ws/install/ros2_control_demo_example_8:/home/bars/icarus_ws/install/ros2_control_demo_example_7:/home/bars/icarus_ws/install/ros2_control_demo_example_6:/home/bars/icarus_ws/install/ros2_control_demo_example_15:/home/bars/icarus_ws/install/ros2_control_demo_example_13:/home/bars/icarus_ws/install/ros2_control_demo_example_5:/home/bars/icarus_ws/install/ros2_control_demo_example_4:/home/bars/icarus_ws/install/ros2_control_demo_example_3:/home/bars/icarus_ws/install/ros2_control_demo_example_2:/home/bars/icarus_ws/install/ros2_control_demo_example_14:/home/bars/icarus_ws/install/ros2_control_demo_example_12:/home/bars/icarus_ws/install/ros2_control_demo_example_11:/home/bars/icarus_ws/install/ros2_control_demo_example_10:/home/bars/icarus_ws/install/ros2_control_demo_example_1:/opt/ros/humble /usr/bin/cmake --install /home/bars/icarus_ws/build/ros2_control_demo_example_12
