[0.029s] Invoking command in '/home/bars/icarus_ws/build/ros2_control_demo_example_14': CMAKE_PREFIX_PATH=/home/bars/icarus_ws/install/ros2_control_demo_description:/home/bars/icarus_ws/install/ros2_control_demos:/home/bars/icarus_ws/install/ros2_control_demo_example_9:/home/bars/icarus_ws/install/ros2_control_demo_example_8:/home/bars/icarus_ws/install/ros2_control_demo_example_7:/home/bars/icarus_ws/install/ros2_control_demo_example_6:/home/bars/icarus_ws/install/ros2_control_demo_example_15:/home/bars/icarus_ws/install/ros2_control_demo_example_13:/home/bars/icarus_ws/install/ros2_control_demo_example_5:/home/bars/icarus_ws/install/ros2_control_demo_example_4:/home/bars/icarus_ws/install/ros2_control_demo_example_3:/home/bars/icarus_ws/install/ros2_control_demo_example_2:/home/bars/icarus_ws/install/ros2_control_demo_example_14:/home/bars/icarus_ws/install/ros2_control_demo_example_12:/home/bars/icarus_ws/install/ros2_control_demo_example_11:/home/bars/icarus_ws/install/ros2_control_demo_example_10:/home/bars/icarus_ws/install/ros2_control_demo_example_1:/opt/ros/humble /usr/bin/cmake /home/bars/icarus_ws/src/ros2_control_demos/example_14 -DAMENT_CMAKE_SYMLINK_INSTALL=1 -DCMAKE_INSTALL_PREFIX=/home/bars/icarus_ws/install/ros2_control_demo_example_14
[0.081s] -- The CXX compiler identification is GNU 11.4.0
[0.088s] -- Detecting CXX compiler ABI info
[0.148s] -- Detecting CXX compiler ABI info - done
[0.156s] -- Check for working CXX compiler: /usr/bin/c++ - skipped
[0.157s] -- Detecting CXX compile features
[0.157s] -- Detecting CXX compile features - done
[0.161s] -- Found ament_cmake: 1.3.12 (/opt/ros/humble/share/ament_cmake/cmake)
[0.283s] -- Found Python3: /usr/bin/python3 (found version "3.10.12") found components: Interpreter 
[0.350s] -- Override CMake install command with custom implementation using symlinks instead of copying resources
[0.379s] -- Found hardware_interface: 2.52.2 (/opt/ros/humble/share/hardware_interface/cmake)
[0.405s] -- Found rosidl_generator_c: 3.1.7 (/opt/ros/humble/share/rosidl_generator_c/cmake)
[0.408s] -- Found rosidl_adapter: 3.1.7 (/opt/ros/humble/share/rosidl_adapter/cmake)
[0.413s] -- Found rosidl_generator_cpp: 3.1.7 (/opt/ros/humble/share/rosidl_generator_cpp/cmake)
[0.422s] -- Using all available rosidl_typesupport_c: rosidl_typesupport_fastrtps_c;rosidl_typesupport_introspection_c
[0.433s] -- Using all available rosidl_typesupport_cpp: rosidl_typesupport_fastrtps_cpp;rosidl_typesupport_introspection_cpp
[0.562s] -- Found rmw_implementation_cmake: 6.1.2 (/opt/ros/humble/share/rmw_implementation_cmake/cmake)
[0.564s] -- Found rmw_fastrtps_cpp: 6.2.9 (/opt/ros/humble/share/rmw_fastrtps_cpp/cmake)
[0.583s] -- Found TinyXML2 via Config file: TinyXML2_DIR-NOTFOUND
[0.620s] -- Found OpenSSL: /usr/lib/x86_64-linux-gnu/libcrypto.so (found version "3.0.2")  
[0.623s] -- Found TinyXML2 via Config file: TinyXML2_DIR-NOTFOUND
[0.634s] -- Found FastRTPS: /opt/ros/humble/include  
[0.636s] -- Found TinyXML2 via Config file: TinyXML2_DIR-NOTFOUND
[0.641s] -- Found TinyXML2 via Config file: TinyXML2_DIR-NOTFOUND
[0.649s] -- Using RMW implementation 'rmw_fastrtps_cpp' as default
[0.656s] -- Looking for C++ include pthread.h
[0.755s] -- Looking for C++ include pthread.h - found
[0.755s] -- Performing Test CMAKE_HAVE_LIBC_PTHREAD
[0.861s] -- Performing Test CMAKE_HAVE_LIBC_PTHREAD - Success
[0.862s] -- Found Threads: TRUE  
[0.920s] -- Found realtime_tools: 2.14.1 (/opt/ros/humble/share/realtime_tools/cmake)
[0.939s] -- Found ament_cmake_pytest: 1.3.12 (/opt/ros/humble/share/ament_cmake_pytest/cmake)
[1.319s] -- Found ament_cmake_ros: 0.10.0 (/opt/ros/humble/share/ament_cmake_ros/cmake)
[1.324s] -- Found launch_testing_ament_cmake: 1.0.13 (/opt/ros/humble/share/launch_testing_ament_cmake/cmake)
[1.325s] -- Found python_cmake_module: 0.10.0 (/opt/ros/humble/share/python_cmake_module/cmake)
[1.341s] -- Found PythonInterp: /usr/bin/python3 (found suitable version "3.10.12", minimum required is "3.6") 
[1.345s] -- Found PythonLibs: /usr/lib/x86_64-linux-gnu/libpython3.10.so (found suitable version "3.10.12", minimum required is "3.5") 
[1.345s] -- Using PYTHON_EXECUTABLE: /usr/bin/python3
[1.345s] -- Using PYTHON_INCLUDE_DIRS: /usr/include/python3.10
[1.345s] -- Using PYTHON_LIBRARIES: /usr/lib/x86_64-linux-gnu/libpython3.10.so
[1.363s] -- Found PythonExtra: .so  
[1.441s] -- Configuring done
[1.449s] -- Generating done
[1.452s] -- Build files have been written to: /home/bars/icarus_ws/build/ros2_control_demo_example_14
[1.463s] Invoked command in '/home/bars/icarus_ws/build/ros2_control_demo_example_14' returned '0': CMAKE_PREFIX_PATH=/home/bars/icarus_ws/install/ros2_control_demo_description:/home/bars/icarus_ws/install/ros2_control_demos:/home/bars/icarus_ws/install/ros2_control_demo_example_9:/home/bars/icarus_ws/install/ros2_control_demo_example_8:/home/bars/icarus_ws/install/ros2_control_demo_example_7:/home/bars/icarus_ws/install/ros2_control_demo_example_6:/home/bars/icarus_ws/install/ros2_control_demo_example_15:/home/bars/icarus_ws/install/ros2_control_demo_example_13:/home/bars/icarus_ws/install/ros2_control_demo_example_5:/home/bars/icarus_ws/install/ros2_control_demo_example_4:/home/bars/icarus_ws/install/ros2_control_demo_example_3:/home/bars/icarus_ws/install/ros2_control_demo_example_2:/home/bars/icarus_ws/install/ros2_control_demo_example_14:/home/bars/icarus_ws/install/ros2_control_demo_example_12:/home/bars/icarus_ws/install/ros2_control_demo_example_11:/home/bars/icarus_ws/install/ros2_control_demo_example_10:/home/bars/icarus_ws/install/ros2_control_demo_example_1:/opt/ros/humble /usr/bin/cmake /home/bars/icarus_ws/src/ros2_control_demos/example_14 -DAMENT_CMAKE_SYMLINK_INSTALL=1 -DCMAKE_INSTALL_PREFIX=/home/bars/icarus_ws/install/ros2_control_demo_example_14
[1.464s] Invoking command in '/home/bars/icarus_ws/build/ros2_control_demo_example_14': CMAKE_PREFIX_PATH=/home/bars/icarus_ws/install/ros2_control_demo_description:/home/bars/icarus_ws/install/ros2_control_demos:/home/bars/icarus_ws/install/ros2_control_demo_example_9:/home/bars/icarus_ws/install/ros2_control_demo_example_8:/home/bars/icarus_ws/install/ros2_control_demo_example_7:/home/bars/icarus_ws/install/ros2_control_demo_example_6:/home/bars/icarus_ws/install/ros2_control_demo_example_15:/home/bars/icarus_ws/install/ros2_control_demo_example_13:/home/bars/icarus_ws/install/ros2_control_demo_example_5:/home/bars/icarus_ws/install/ros2_control_demo_example_4:/home/bars/icarus_ws/install/ros2_control_demo_example_3:/home/bars/icarus_ws/install/ros2_control_demo_example_2:/home/bars/icarus_ws/install/ros2_control_demo_example_14:/home/bars/icarus_ws/install/ros2_control_demo_example_12:/home/bars/icarus_ws/install/ros2_control_demo_example_11:/home/bars/icarus_ws/install/ros2_control_demo_example_10:/home/bars/icarus_ws/install/ros2_control_demo_example_1:/opt/ros/humble /usr/bin/cmake --build /home/bars/icarus_ws/build/ros2_control_demo_example_14 -- -j20 -l20
[1.503s] [ 33%] [32mBuilding CXX object CMakeFiles/ros2_control_demo_example_14.dir/hardware/rrbot_actuator_without_feedback.cpp.o[0m
[1.506s] [ 66%] [32mBuilding CXX object CMakeFiles/ros2_control_demo_example_14.dir/hardware/rrbot_sensor_for_position_feedback.cpp.o[0m
[7.153s] [100%] [32m[1mLinking CXX shared library libros2_control_demo_example_14.so[0m
[7.350s] [100%] Built target ros2_control_demo_example_14
[7.436s] Invoked command in '/home/bars/icarus_ws/build/ros2_control_demo_example_14' returned '0': CMAKE_PREFIX_PATH=/home/bars/icarus_ws/install/ros2_control_demo_description:/home/bars/icarus_ws/install/ros2_control_demos:/home/bars/icarus_ws/install/ros2_control_demo_example_9:/home/bars/icarus_ws/install/ros2_control_demo_example_8:/home/bars/icarus_ws/install/ros2_control_demo_example_7:/home/bars/icarus_ws/install/ros2_control_demo_example_6:/home/bars/icarus_ws/install/ros2_control_demo_example_15:/home/bars/icarus_ws/install/ros2_control_demo_example_13:/home/bars/icarus_ws/install/ros2_control_demo_example_5:/home/bars/icarus_ws/install/ros2_control_demo_example_4:/home/bars/icarus_ws/install/ros2_control_demo_example_3:/home/bars/icarus_ws/install/ros2_control_demo_example_2:/home/bars/icarus_ws/install/ros2_control_demo_example_14:/home/bars/icarus_ws/install/ros2_control_demo_example_12:/home/bars/icarus_ws/install/ros2_control_demo_example_11:/home/bars/icarus_ws/install/ros2_control_demo_example_10:/home/bars/icarus_ws/install/ros2_control_demo_example_1:/opt/ros/humble /usr/bin/cmake --build /home/bars/icarus_ws/build/ros2_control_demo_example_14 -- -j20 -l20
[7.438s] Invoking command in '/home/bars/icarus_ws/build/ros2_control_demo_example_14': CMAKE_PREFIX_PATH=/home/bars/icarus_ws/install/ros2_control_demo_description:/home/bars/icarus_ws/install/ros2_control_demos:/home/bars/icarus_ws/install/ros2_control_demo_example_9:/home/bars/icarus_ws/install/ros2_control_demo_example_8:/home/bars/icarus_ws/install/ros2_control_demo_example_7:/home/bars/icarus_ws/install/ros2_control_demo_example_6:/home/bars/icarus_ws/install/ros2_control_demo_example_15:/home/bars/icarus_ws/install/ros2_control_demo_example_13:/home/bars/icarus_ws/install/ros2_control_demo_example_5:/home/bars/icarus_ws/install/ros2_control_demo_example_4:/home/bars/icarus_ws/install/ros2_control_demo_example_3:/home/bars/icarus_ws/install/ros2_control_demo_example_2:/home/bars/icarus_ws/install/ros2_control_demo_example_14:/home/bars/icarus_ws/install/ros2_control_demo_example_12:/home/bars/icarus_ws/install/ros2_control_demo_example_11:/home/bars/icarus_ws/install/ros2_control_demo_example_10:/home/bars/icarus_ws/install/ros2_control_demo_example_1:/opt/ros/humble /usr/bin/cmake --install /home/bars/icarus_ws/build/ros2_control_demo_example_14
[7.445s] -- Install configuration: ""
[7.445s] -- Execute custom install script
[7.445s] -- Symlinking: /home/bars/icarus_ws/install/ros2_control_demo_example_14/share/ros2_control_demo_example_14//ros2_control_demo_example_14.xml
[7.457s] -- Symlinking: /home/bars/icarus_ws/install/ros2_control_demo_example_14/include/ros2_control_demo_example_14/ros2_control_demo_example_14/rrbot_actuator_without_feedback.hpp
[7.465s] -- Symlinking: /home/bars/icarus_ws/install/ros2_control_demo_example_14/include/ros2_control_demo_example_14/ros2_control_demo_example_14/rrbot_sensor_for_position_feedback.hpp
[7.473s] -- Symlinking: /home/bars/icarus_ws/install/ros2_control_demo_example_14/share/ros2_control_demo_example_14/launch/view_robot.launch.py
[7.485s] -- Symlinking: /home/bars/icarus_ws/install/ros2_control_demo_example_14/share/ros2_control_demo_example_14/ros2_control/rrbot_modular_actuators_without_feedback_sensors_for_position_feedback.ros2_control.xacro
[7.496s] -- Symlinking: /home/bars/icarus_ws/install/ros2_control_demo_example_14/share/ros2_control_demo_example_14/urdf/rrbot_modular_actuators_without_feedback_sensors_for_position_feedback.urdf.xacro
[7.508s] -- Symlinking: /home/bars/icarus_ws/install/ros2_control_demo_example_14/share/ros2_control_demo_example_14/launch/rrbot_modular_actuators_without_feedback_sensors_for_position_feedback.launch.py
[7.515s] -- Symlinking: /home/bars/icarus_ws/install/ros2_control_demo_example_14/share/ros2_control_demo_example_14/config/rrbot_modular_actuators_without_feedback_sensors_for_position_feedback.yaml
[7.526s] -- Symlinking: /home/bars/icarus_ws/install/ros2_control_demo_example_14/share/ros2_control_demo_example_14/environment/library_path.sh
[7.533s] -- Symlinking: /home/bars/icarus_ws/install/ros2_control_demo_example_14/share/ros2_control_demo_example_14/environment/library_path.dsv
[7.541s] -- Symlinking: /home/bars/icarus_ws/install/ros2_control_demo_example_14/share/ament_index/resource_index/package_run_dependencies/ros2_control_demo_example_14
[7.549s] -- Symlinking: /home/bars/icarus_ws/install/ros2_control_demo_example_14/share/ament_index/resource_index/parent_prefix_path/ros2_control_demo_example_14
[7.558s] -- Symlinking: /home/bars/icarus_ws/install/ros2_control_demo_example_14/share/ros2_control_demo_example_14/environment/ament_prefix_path.sh
[7.567s] -- Symlinking: /home/bars/icarus_ws/install/ros2_control_demo_example_14/share/ros2_control_demo_example_14/environment/ament_prefix_path.dsv
[7.574s] -- Symlinking: /home/bars/icarus_ws/install/ros2_control_demo_example_14/share/ros2_control_demo_example_14/environment/path.sh
[7.587s] -- Symlinking: /home/bars/icarus_ws/install/ros2_control_demo_example_14/share/ros2_control_demo_example_14/environment/path.dsv
[7.598s] -- Symlinking: /home/bars/icarus_ws/install/ros2_control_demo_example_14/share/ros2_control_demo_example_14/local_setup.bash
[7.606s] -- Symlinking: /home/bars/icarus_ws/install/ros2_control_demo_example_14/share/ros2_control_demo_example_14/local_setup.sh
[7.618s] -- Symlinking: /home/bars/icarus_ws/install/ros2_control_demo_example_14/share/ros2_control_demo_example_14/local_setup.zsh
[7.625s] -- Symlinking: /home/bars/icarus_ws/install/ros2_control_demo_example_14/share/ros2_control_demo_example_14/local_setup.dsv
[7.636s] -- Symlinking: /home/bars/icarus_ws/install/ros2_control_demo_example_14/share/ros2_control_demo_example_14/package.dsv
[7.644s] -- Symlinking: /home/bars/icarus_ws/install/ros2_control_demo_example_14/share/ament_index/resource_index/packages/ros2_control_demo_example_14
[7.656s] -- Symlinking: /home/bars/icarus_ws/install/ros2_control_demo_example_14/share/ament_index/resource_index/hardware_interface__pluginlib__plugin/ros2_control_demo_example_14
[7.663s] -- Symlinking: /home/bars/icarus_ws/install/ros2_control_demo_example_14/share/ros2_control_demo_example_14/cmake/ament_cmake_export_targets-extras.cmake
[7.674s] -- Symlinking: /home/bars/icarus_ws/install/ros2_control_demo_example_14/share/ros2_control_demo_example_14/cmake/ament_cmake_export_dependencies-extras.cmake
[7.686s] -- Symlinking: /home/bars/icarus_ws/install/ros2_control_demo_example_14/share/ros2_control_demo_example_14/cmake/ros2_control_demo_example_14Config.cmake
[7.695s] -- Symlinking: /home/bars/icarus_ws/install/ros2_control_demo_example_14/share/ros2_control_demo_example_14/cmake/ros2_control_demo_example_14Config-version.cmake
[7.702s] -- Symlinking: /home/bars/icarus_ws/install/ros2_control_demo_example_14/share/ros2_control_demo_example_14/package.xml
[7.712s] -- Installing: /home/bars/icarus_ws/install/ros2_control_demo_example_14/lib/libros2_control_demo_example_14.so
[7.713s] -- Set runtime path of "/home/bars/icarus_ws/install/ros2_control_demo_example_14/lib/libros2_control_demo_example_14.so" to ""
[7.713s] -- Installing: /home/bars/icarus_ws/install/ros2_control_demo_example_14/share/ros2_control_demo_example_14/cmake/export_ros2_control_demo_example_14Export.cmake
[7.713s] -- Installing: /home/bars/icarus_ws/install/ros2_control_demo_example_14/share/ros2_control_demo_example_14/cmake/export_ros2_control_demo_example_14Export-noconfig.cmake
[7.716s] Invoked command in '/home/bars/icarus_ws/build/ros2_control_demo_example_14' returned '0': CMAKE_PREFIX_PATH=/home/bars/icarus_ws/install/ros2_control_demo_description:/home/bars/icarus_ws/install/ros2_control_demos:/home/bars/icarus_ws/install/ros2_control_demo_example_9:/home/bars/icarus_ws/install/ros2_control_demo_example_8:/home/bars/icarus_ws/install/ros2_control_demo_example_7:/home/bars/icarus_ws/install/ros2_control_demo_example_6:/home/bars/icarus_ws/install/ros2_control_demo_example_15:/home/bars/icarus_ws/install/ros2_control_demo_example_13:/home/bars/icarus_ws/install/ros2_control_demo_example_5:/home/bars/icarus_ws/install/ros2_control_demo_example_4:/home/bars/icarus_ws/install/ros2_control_demo_example_3:/home/bars/icarus_ws/install/ros2_control_demo_example_2:/home/bars/icarus_ws/install/ros2_control_demo_example_14:/home/bars/icarus_ws/install/ros2_control_demo_example_12:/home/bars/icarus_ws/install/ros2_control_demo_example_11:/home/bars/icarus_ws/install/ros2_control_demo_example_10:/home/bars/icarus_ws/install/ros2_control_demo_example_1:/opt/ros/humble /usr/bin/cmake --install /home/bars/icarus_ws/build/ros2_control_demo_example_14
