[0.029s] Invoking command in '/home/bars/icarus_ws/build/ros2_control_demo_example_2': CMAKE_PREFIX_PATH=/home/bars/icarus_ws/install/ros2_control_demo_description:/home/bars/icarus_ws/install/ros2_control_demos:/home/bars/icarus_ws/install/ros2_control_demo_example_9:/home/bars/icarus_ws/install/ros2_control_demo_example_8:/home/bars/icarus_ws/install/ros2_control_demo_example_7:/home/bars/icarus_ws/install/ros2_control_demo_example_6:/home/bars/icarus_ws/install/ros2_control_demo_example_15:/home/bars/icarus_ws/install/ros2_control_demo_example_13:/home/bars/icarus_ws/install/ros2_control_demo_example_5:/home/bars/icarus_ws/install/ros2_control_demo_example_4:/home/bars/icarus_ws/install/ros2_control_demo_example_3:/home/bars/icarus_ws/install/ros2_control_demo_example_2:/home/bars/icarus_ws/install/ros2_control_demo_example_14:/home/bars/icarus_ws/install/ros2_control_demo_example_12:/home/bars/icarus_ws/install/ros2_control_demo_example_11:/home/bars/icarus_ws/install/ros2_control_demo_example_10:/home/bars/icarus_ws/install/ros2_control_demo_example_1:/opt/ros/humble /usr/bin/cmake /home/bars/icarus_ws/src/ros2_control_demos/example_2 -DAMENT_CMAKE_SYMLINK_INSTALL=1 -DCMAKE_INSTALL_PREFIX=/home/bars/icarus_ws/install/ros2_control_demo_example_2
[0.092s] -- The CXX compiler identification is GNU 11.4.0
[0.097s] -- Detecting CXX compiler ABI info
[0.164s] -- Detecting CXX compiler ABI info - done
[0.171s] -- Check for working CXX compiler: /usr/bin/c++ - skipped
[0.171s] -- Detecting CXX compile features
[0.172s] -- Detecting CXX compile features - done
[0.174s] -- Found ament_cmake: 1.3.12 (/opt/ros/humble/share/ament_cmake/cmake)
[0.306s] -- Found Python3: /usr/bin/python3 (found version "3.10.12") found components: Interpreter 
[0.351s] -- Override CMake install command with custom implementation using symlinks instead of copying resources
[0.378s] -- Found hardware_interface: 2.52.2 (/opt/ros/humble/share/hardware_interface/cmake)
[0.403s] -- Found rosidl_generator_c: 3.1.7 (/opt/ros/humble/share/rosidl_generator_c/cmake)
[0.406s] -- Found rosidl_adapter: 3.1.7 (/opt/ros/humble/share/rosidl_adapter/cmake)
[0.411s] -- Found rosidl_generator_cpp: 3.1.7 (/opt/ros/humble/share/rosidl_generator_cpp/cmake)
[0.419s] -- Using all available rosidl_typesupport_c: rosidl_typesupport_fastrtps_c;rosidl_typesupport_introspection_c
[0.429s] -- Using all available rosidl_typesupport_cpp: rosidl_typesupport_fastrtps_cpp;rosidl_typesupport_introspection_cpp
[0.559s] -- Found rmw_implementation_cmake: 6.1.2 (/opt/ros/humble/share/rmw_implementation_cmake/cmake)
[0.562s] -- Found rmw_fastrtps_cpp: 6.2.9 (/opt/ros/humble/share/rmw_fastrtps_cpp/cmake)
[0.582s] -- Found TinyXML2 via Config file: TinyXML2_DIR-NOTFOUND
[0.617s] -- Found OpenSSL: /usr/lib/x86_64-linux-gnu/libcrypto.so (found version "3.0.2")  
[0.620s] -- Found TinyXML2 via Config file: TinyXML2_DIR-NOTFOUND
[0.632s] -- Found FastRTPS: /opt/ros/humble/include  
[0.634s] -- Found TinyXML2 via Config file: TinyXML2_DIR-NOTFOUND
[0.639s] -- Found TinyXML2 via Config file: TinyXML2_DIR-NOTFOUND
[0.646s] -- Using RMW implementation 'rmw_fastrtps_cpp' as default
[0.654s] -- Looking for C++ include pthread.h
[0.771s] -- Looking for C++ include pthread.h - found
[0.771s] -- Performing Test CMAKE_HAVE_LIBC_PTHREAD
[0.873s] -- Performing Test CMAKE_HAVE_LIBC_PTHREAD - Success
[0.874s] -- Found Threads: TRUE  
[0.912s] -- Found ament_cmake_pytest: 1.3.12 (/opt/ros/humble/share/ament_cmake_pytest/cmake)
[1.288s] -- Found ament_cmake_ros: 0.10.0 (/opt/ros/humble/share/ament_cmake_ros/cmake)
[1.296s] -- Found launch_testing_ament_cmake: 1.0.13 (/opt/ros/humble/share/launch_testing_ament_cmake/cmake)
[1.298s] -- Found python_cmake_module: 0.10.0 (/opt/ros/humble/share/python_cmake_module/cmake)
[1.314s] -- Found PythonInterp: /usr/bin/python3 (found suitable version "3.10.12", minimum required is "3.6") 
[1.319s] -- Found PythonLibs: /usr/lib/x86_64-linux-gnu/libpython3.10.so (found suitable version "3.10.12", minimum required is "3.5") 
[1.319s] -- Using PYTHON_EXECUTABLE: /usr/bin/python3
[1.319s] -- Using PYTHON_INCLUDE_DIRS: /usr/include/python3.10
[1.319s] -- Using PYTHON_LIBRARIES: /usr/lib/x86_64-linux-gnu/libpython3.10.so
[1.336s] -- Found PythonExtra: .so  
[1.395s] -- Configuring done
[1.403s] -- Generating done
[1.407s] -- Build files have been written to: /home/bars/icarus_ws/build/ros2_control_demo_example_2
[1.416s] Invoked command in '/home/bars/icarus_ws/build/ros2_control_demo_example_2' returned '0': CMAKE_PREFIX_PATH=/home/bars/icarus_ws/install/ros2_control_demo_description:/home/bars/icarus_ws/install/ros2_control_demos:/home/bars/icarus_ws/install/ros2_control_demo_example_9:/home/bars/icarus_ws/install/ros2_control_demo_example_8:/home/bars/icarus_ws/install/ros2_control_demo_example_7:/home/bars/icarus_ws/install/ros2_control_demo_example_6:/home/bars/icarus_ws/install/ros2_control_demo_example_15:/home/bars/icarus_ws/install/ros2_control_demo_example_13:/home/bars/icarus_ws/install/ros2_control_demo_example_5:/home/bars/icarus_ws/install/ros2_control_demo_example_4:/home/bars/icarus_ws/install/ros2_control_demo_example_3:/home/bars/icarus_ws/install/ros2_control_demo_example_2:/home/bars/icarus_ws/install/ros2_control_demo_example_14:/home/bars/icarus_ws/install/ros2_control_demo_example_12:/home/bars/icarus_ws/install/ros2_control_demo_example_11:/home/bars/icarus_ws/install/ros2_control_demo_example_10:/home/bars/icarus_ws/install/ros2_control_demo_example_1:/opt/ros/humble /usr/bin/cmake /home/bars/icarus_ws/src/ros2_control_demos/example_2 -DAMENT_CMAKE_SYMLINK_INSTALL=1 -DCMAKE_INSTALL_PREFIX=/home/bars/icarus_ws/install/ros2_control_demo_example_2
[1.418s] Invoking command in '/home/bars/icarus_ws/build/ros2_control_demo_example_2': CMAKE_PREFIX_PATH=/home/bars/icarus_ws/install/ros2_control_demo_description:/home/bars/icarus_ws/install/ros2_control_demos:/home/bars/icarus_ws/install/ros2_control_demo_example_9:/home/bars/icarus_ws/install/ros2_control_demo_example_8:/home/bars/icarus_ws/install/ros2_control_demo_example_7:/home/bars/icarus_ws/install/ros2_control_demo_example_6:/home/bars/icarus_ws/install/ros2_control_demo_example_15:/home/bars/icarus_ws/install/ros2_control_demo_example_13:/home/bars/icarus_ws/install/ros2_control_demo_example_5:/home/bars/icarus_ws/install/ros2_control_demo_example_4:/home/bars/icarus_ws/install/ros2_control_demo_example_3:/home/bars/icarus_ws/install/ros2_control_demo_example_2:/home/bars/icarus_ws/install/ros2_control_demo_example_14:/home/bars/icarus_ws/install/ros2_control_demo_example_12:/home/bars/icarus_ws/install/ros2_control_demo_example_11:/home/bars/icarus_ws/install/ros2_control_demo_example_10:/home/bars/icarus_ws/install/ros2_control_demo_example_1:/opt/ros/humble /usr/bin/cmake --build /home/bars/icarus_ws/build/ros2_control_demo_example_2 -- -j20 -l20
[1.461s] [ 50%] [32mBuilding CXX object CMakeFiles/ros2_control_demo_example_2.dir/hardware/diffbot_system.cpp.o[0m
[6.721s] [100%] [32m[1mLinking CXX shared library libros2_control_demo_example_2.so[0m
[7.019s] [100%] Built target ros2_control_demo_example_2
[7.040s] Invoked command in '/home/bars/icarus_ws/build/ros2_control_demo_example_2' returned '0': CMAKE_PREFIX_PATH=/home/bars/icarus_ws/install/ros2_control_demo_description:/home/bars/icarus_ws/install/ros2_control_demos:/home/bars/icarus_ws/install/ros2_control_demo_example_9:/home/bars/icarus_ws/install/ros2_control_demo_example_8:/home/bars/icarus_ws/install/ros2_control_demo_example_7:/home/bars/icarus_ws/install/ros2_control_demo_example_6:/home/bars/icarus_ws/install/ros2_control_demo_example_15:/home/bars/icarus_ws/install/ros2_control_demo_example_13:/home/bars/icarus_ws/install/ros2_control_demo_example_5:/home/bars/icarus_ws/install/ros2_control_demo_example_4:/home/bars/icarus_ws/install/ros2_control_demo_example_3:/home/bars/icarus_ws/install/ros2_control_demo_example_2:/home/bars/icarus_ws/install/ros2_control_demo_example_14:/home/bars/icarus_ws/install/ros2_control_demo_example_12:/home/bars/icarus_ws/install/ros2_control_demo_example_11:/home/bars/icarus_ws/install/ros2_control_demo_example_10:/home/bars/icarus_ws/install/ros2_control_demo_example_1:/opt/ros/humble /usr/bin/cmake --build /home/bars/icarus_ws/build/ros2_control_demo_example_2 -- -j20 -l20
[7.043s] Invoking command in '/home/bars/icarus_ws/build/ros2_control_demo_example_2': CMAKE_PREFIX_PATH=/home/bars/icarus_ws/install/ros2_control_demo_description:/home/bars/icarus_ws/install/ros2_control_demos:/home/bars/icarus_ws/install/ros2_control_demo_example_9:/home/bars/icarus_ws/install/ros2_control_demo_example_8:/home/bars/icarus_ws/install/ros2_control_demo_example_7:/home/bars/icarus_ws/install/ros2_control_demo_example_6:/home/bars/icarus_ws/install/ros2_control_demo_example_15:/home/bars/icarus_ws/install/ros2_control_demo_example_13:/home/bars/icarus_ws/install/ros2_control_demo_example_5:/home/bars/icarus_ws/install/ros2_control_demo_example_4:/home/bars/icarus_ws/install/ros2_control_demo_example_3:/home/bars/icarus_ws/install/ros2_control_demo_example_2:/home/bars/icarus_ws/install/ros2_control_demo_example_14:/home/bars/icarus_ws/install/ros2_control_demo_example_12:/home/bars/icarus_ws/install/ros2_control_demo_example_11:/home/bars/icarus_ws/install/ros2_control_demo_example_10:/home/bars/icarus_ws/install/ros2_control_demo_example_1:/opt/ros/humble /usr/bin/cmake --install /home/bars/icarus_ws/build/ros2_control_demo_example_2
[7.214s] -- Install configuration: ""
[7.214s] -- Execute custom install script
[7.214s] -- Symlinking: /home/bars/icarus_ws/install/ros2_control_demo_example_2/share/ros2_control_demo_example_2//ros2_control_demo_example_2.xml
[7.215s] -- Symlinking: /home/bars/icarus_ws/install/ros2_control_demo_example_2/include/ros2_control_demo_example_2/ros2_control_demo_example_2/diffbot_system.hpp
[7.215s] -- Symlinking: /home/bars/icarus_ws/install/ros2_control_demo_example_2/share/ros2_control_demo_example_2/launch/view_robot.launch.py
[7.215s] -- Symlinking: /home/bars/icarus_ws/install/ros2_control_demo_example_2/share/ros2_control_demo_example_2/ros2_control/diffbot.ros2_control.xacro
[7.215s] -- Symlinking: /home/bars/icarus_ws/install/ros2_control_demo_example_2/share/ros2_control_demo_example_2/urdf/diffbot.urdf.xacro
[7.215s] -- Symlinking: /home/bars/icarus_ws/install/ros2_control_demo_example_2/share/ros2_control_demo_example_2/launch/diffbot.launch.py
[7.215s] -- Symlinking: /home/bars/icarus_ws/install/ros2_control_demo_example_2/share/ros2_control_demo_example_2/config/diffbot_controllers.yaml
[7.215s] -- Symlinking: /home/bars/icarus_ws/install/ros2_control_demo_example_2/share/ros2_control_demo_example_2/environment/library_path.sh
[7.215s] -- Symlinking: /home/bars/icarus_ws/install/ros2_control_demo_example_2/share/ros2_control_demo_example_2/environment/library_path.dsv
[7.215s] -- Symlinking: /home/bars/icarus_ws/install/ros2_control_demo_example_2/share/ament_index/resource_index/package_run_dependencies/ros2_control_demo_example_2
[7.215s] -- Symlinking: /home/bars/icarus_ws/install/ros2_control_demo_example_2/share/ament_index/resource_index/parent_prefix_path/ros2_control_demo_example_2
[7.215s] -- Symlinking: /home/bars/icarus_ws/install/ros2_control_demo_example_2/share/ros2_control_demo_example_2/environment/ament_prefix_path.sh
[7.215s] -- Symlinking: /home/bars/icarus_ws/install/ros2_control_demo_example_2/share/ros2_control_demo_example_2/environment/ament_prefix_path.dsv
[7.215s] -- Symlinking: /home/bars/icarus_ws/install/ros2_control_demo_example_2/share/ros2_control_demo_example_2/environment/path.sh
[7.216s] -- Symlinking: /home/bars/icarus_ws/install/ros2_control_demo_example_2/share/ros2_control_demo_example_2/environment/path.dsv
[7.216s] -- Symlinking: /home/bars/icarus_ws/install/ros2_control_demo_example_2/share/ros2_control_demo_example_2/local_setup.bash
[7.216s] -- Symlinking: /home/bars/icarus_ws/install/ros2_control_demo_example_2/share/ros2_control_demo_example_2/local_setup.sh
[7.227s] -- Symlinking: /home/bars/icarus_ws/install/ros2_control_demo_example_2/share/ros2_control_demo_example_2/local_setup.zsh
[7.236s] -- Symlinking: /home/bars/icarus_ws/install/ros2_control_demo_example_2/share/ros2_control_demo_example_2/local_setup.dsv
[7.245s] -- Symlinking: /home/bars/icarus_ws/install/ros2_control_demo_example_2/share/ros2_control_demo_example_2/package.dsv
[7.257s] -- Symlinking: /home/bars/icarus_ws/install/ros2_control_demo_example_2/share/ament_index/resource_index/packages/ros2_control_demo_example_2
[7.267s] -- Symlinking: /home/bars/icarus_ws/install/ros2_control_demo_example_2/share/ament_index/resource_index/hardware_interface__pluginlib__plugin/ros2_control_demo_example_2
[7.278s] -- Symlinking: /home/bars/icarus_ws/install/ros2_control_demo_example_2/share/ros2_control_demo_example_2/cmake/ament_cmake_export_targets-extras.cmake
[7.287s] -- Symlinking: /home/bars/icarus_ws/install/ros2_control_demo_example_2/share/ros2_control_demo_example_2/cmake/ament_cmake_export_dependencies-extras.cmake
[7.298s] -- Symlinking: /home/bars/icarus_ws/install/ros2_control_demo_example_2/share/ros2_control_demo_example_2/cmake/ros2_control_demo_example_2Config.cmake
[7.310s] -- Symlinking: /home/bars/icarus_ws/install/ros2_control_demo_example_2/share/ros2_control_demo_example_2/cmake/ros2_control_demo_example_2Config-version.cmake
[7.320s] -- Symlinking: /home/bars/icarus_ws/install/ros2_control_demo_example_2/share/ros2_control_demo_example_2/package.xml
[7.333s] -- Installing: /home/bars/icarus_ws/install/ros2_control_demo_example_2/lib/libros2_control_demo_example_2.so
[7.334s] -- Set runtime path of "/home/bars/icarus_ws/install/ros2_control_demo_example_2/lib/libros2_control_demo_example_2.so" to ""
[7.334s] -- Installing: /home/bars/icarus_ws/install/ros2_control_demo_example_2/share/ros2_control_demo_example_2/cmake/export_ros2_control_demo_example_2Export.cmake
[7.335s] -- Installing: /home/bars/icarus_ws/install/ros2_control_demo_example_2/share/ros2_control_demo_example_2/cmake/export_ros2_control_demo_example_2Export-noconfig.cmake
[7.358s] Invoked command in '/home/bars/icarus_ws/build/ros2_control_demo_example_2' returned '0': CMAKE_PREFIX_PATH=/home/bars/icarus_ws/install/ros2_control_demo_description:/home/bars/icarus_ws/install/ros2_control_demos:/home/bars/icarus_ws/install/ros2_control_demo_example_9:/home/bars/icarus_ws/install/ros2_control_demo_example_8:/home/bars/icarus_ws/install/ros2_control_demo_example_7:/home/bars/icarus_ws/install/ros2_control_demo_example_6:/home/bars/icarus_ws/install/ros2_control_demo_example_15:/home/bars/icarus_ws/install/ros2_control_demo_example_13:/home/bars/icarus_ws/install/ros2_control_demo_example_5:/home/bars/icarus_ws/install/ros2_control_demo_example_4:/home/bars/icarus_ws/install/ros2_control_demo_example_3:/home/bars/icarus_ws/install/ros2_control_demo_example_2:/home/bars/icarus_ws/install/ros2_control_demo_example_14:/home/bars/icarus_ws/install/ros2_control_demo_example_12:/home/bars/icarus_ws/install/ros2_control_demo_example_11:/home/bars/icarus_ws/install/ros2_control_demo_example_10:/home/bars/icarus_ws/install/ros2_control_demo_example_1:/opt/ros/humble /usr/bin/cmake --install /home/bars/icarus_ws/build/ros2_control_demo_example_2
