[0.029s] Invoking command in '/home/bars/icarus_ws/build/ros2_control_demo_example_9': CMAKE_PREFIX_PATH=/home/bars/icarus_ws/install/ros2_control_demo_description:/home/bars/icarus_ws/install/ros2_control_demos:/home/bars/icarus_ws/install/ros2_control_demo_example_9:/home/bars/icarus_ws/install/ros2_control_demo_example_8:/home/bars/icarus_ws/install/ros2_control_demo_example_7:/home/bars/icarus_ws/install/ros2_control_demo_example_6:/home/bars/icarus_ws/install/ros2_control_demo_example_15:/home/bars/icarus_ws/install/ros2_control_demo_example_13:/home/bars/icarus_ws/install/ros2_control_demo_example_5:/home/bars/icarus_ws/install/ros2_control_demo_example_4:/home/bars/icarus_ws/install/ros2_control_demo_example_3:/home/bars/icarus_ws/install/ros2_control_demo_example_2:/home/bars/icarus_ws/install/ros2_control_demo_example_14:/home/bars/icarus_ws/install/ros2_control_demo_example_12:/home/bars/icarus_ws/install/ros2_control_demo_example_11:/home/bars/icarus_ws/install/ros2_control_demo_example_10:/home/bars/icarus_ws/install/ros2_control_demo_example_1:/opt/ros/humble /usr/bin/cmake /home/bars/icarus_ws/src/ros2_control_demos/example_9 -DAMENT_CMAKE_SYMLINK_INSTALL=1 -DCMAKE_INSTALL_PREFIX=/home/bars/icarus_ws/install/ros2_control_demo_example_9
[1.339s] -- The CXX compiler identification is GNU 11.4.0
[1.340s] -- Detecting CXX compiler ABI info
[1.340s] -- Detecting CXX compiler ABI info - done
[1.340s] -- Check for working CXX compiler: /usr/bin/c++ - skipped
[1.340s] -- Detecting CXX compile features
[1.340s] -- Detecting CXX compile features - done
[1.340s] -- Found ament_cmake: 1.3.12 (/opt/ros/humble/share/ament_cmake/cmake)
[1.340s] -- Found Python3: /usr/bin/python3 (found version "3.10.12") found components: Interpreter 
[1.340s] -- Override CMake install command with custom implementation using symlinks instead of copying resources
[1.340s] -- Found hardware_interface: 2.52.2 (/opt/ros/humble/share/hardware_interface/cmake)
[1.340s] -- Found rosidl_generator_c: 3.1.7 (/opt/ros/humble/share/rosidl_generator_c/cmake)
[1.340s] -- Found rosidl_adapter: 3.1.7 (/opt/ros/humble/share/rosidl_adapter/cmake)
[1.340s] -- Found rosidl_generator_cpp: 3.1.7 (/opt/ros/humble/share/rosidl_generator_cpp/cmake)
[1.340s] -- Using all available rosidl_typesupport_c: rosidl_typesupport_fastrtps_c;rosidl_typesupport_introspection_c
[1.340s] -- Using all available rosidl_typesupport_cpp: rosidl_typesupport_fastrtps_cpp;rosidl_typesupport_introspection_cpp
[1.340s] -- Found rmw_implementation_cmake: 6.1.2 (/opt/ros/humble/share/rmw_implementation_cmake/cmake)
[1.340s] -- Found rmw_fastrtps_cpp: 6.2.9 (/opt/ros/humble/share/rmw_fastrtps_cpp/cmake)
[1.340s] -- Found TinyXML2 via Config file: TinyXML2_DIR-NOTFOUND
[1.340s] -- Found OpenSSL: /usr/lib/x86_64-linux-gnu/libcrypto.so (found version "3.0.2")  
[1.340s] -- Found TinyXML2 via Config file: TinyXML2_DIR-NOTFOUND
[1.340s] -- Found FastRTPS: /opt/ros/humble/include  
[1.341s] -- Found TinyXML2 via Config file: TinyXML2_DIR-NOTFOUND
[1.341s] -- Found TinyXML2 via Config file: TinyXML2_DIR-NOTFOUND
[1.341s] -- Using RMW implementation 'rmw_fastrtps_cpp' as default
[1.341s] -- Looking for C++ include pthread.h
[1.341s] -- Looking for C++ include pthread.h - found
[1.341s] -- Performing Test CMAKE_HAVE_LIBC_PTHREAD
[1.341s] -- Performing Test CMAKE_HAVE_LIBC_PTHREAD - Success
[1.341s] -- Found Threads: TRUE  
[1.341s] -- Found ament_cmake_pytest: 1.3.12 (/opt/ros/humble/share/ament_cmake_pytest/cmake)
[1.341s] -- Found ament_cmake_ros: 0.10.0 (/opt/ros/humble/share/ament_cmake_ros/cmake)
[1.341s] -- Found launch_testing_ament_cmake: 1.0.13 (/opt/ros/humble/share/launch_testing_ament_cmake/cmake)
[1.341s] -- Found python_cmake_module: 0.10.0 (/opt/ros/humble/share/python_cmake_module/cmake)
[1.341s] -- Found PythonInterp: /usr/bin/python3 (found suitable version "3.10.12", minimum required is "3.6") 
[1.341s] -- Found PythonLibs: /usr/lib/x86_64-linux-gnu/libpython3.10.so (found suitable version "3.10.12", minimum required is "3.5") 
[1.342s] -- Using PYTHON_EXECUTABLE: /usr/bin/python3
[1.342s] -- Using PYTHON_INCLUDE_DIRS: /usr/include/python3.10
[1.342s] -- Using PYTHON_LIBRARIES: /usr/lib/x86_64-linux-gnu/libpython3.10.so
[1.355s] -- Found PythonExtra: .so  
[1.435s] -- Configuring done
[1.448s] -- Generating done
[1.454s] -- Build files have been written to: /home/bars/icarus_ws/build/ros2_control_demo_example_9
[1.463s] Invoked command in '/home/bars/icarus_ws/build/ros2_control_demo_example_9' returned '0': CMAKE_PREFIX_PATH=/home/bars/icarus_ws/install/ros2_control_demo_description:/home/bars/icarus_ws/install/ros2_control_demos:/home/bars/icarus_ws/install/ros2_control_demo_example_9:/home/bars/icarus_ws/install/ros2_control_demo_example_8:/home/bars/icarus_ws/install/ros2_control_demo_example_7:/home/bars/icarus_ws/install/ros2_control_demo_example_6:/home/bars/icarus_ws/install/ros2_control_demo_example_15:/home/bars/icarus_ws/install/ros2_control_demo_example_13:/home/bars/icarus_ws/install/ros2_control_demo_example_5:/home/bars/icarus_ws/install/ros2_control_demo_example_4:/home/bars/icarus_ws/install/ros2_control_demo_example_3:/home/bars/icarus_ws/install/ros2_control_demo_example_2:/home/bars/icarus_ws/install/ros2_control_demo_example_14:/home/bars/icarus_ws/install/ros2_control_demo_example_12:/home/bars/icarus_ws/install/ros2_control_demo_example_11:/home/bars/icarus_ws/install/ros2_control_demo_example_10:/home/bars/icarus_ws/install/ros2_control_demo_example_1:/opt/ros/humble /usr/bin/cmake /home/bars/icarus_ws/src/ros2_control_demos/example_9 -DAMENT_CMAKE_SYMLINK_INSTALL=1 -DCMAKE_INSTALL_PREFIX=/home/bars/icarus_ws/install/ros2_control_demo_example_9
[1.465s] Invoking command in '/home/bars/icarus_ws/build/ros2_control_demo_example_9': CMAKE_PREFIX_PATH=/home/bars/icarus_ws/install/ros2_control_demo_description:/home/bars/icarus_ws/install/ros2_control_demos:/home/bars/icarus_ws/install/ros2_control_demo_example_9:/home/bars/icarus_ws/install/ros2_control_demo_example_8:/home/bars/icarus_ws/install/ros2_control_demo_example_7:/home/bars/icarus_ws/install/ros2_control_demo_example_6:/home/bars/icarus_ws/install/ros2_control_demo_example_15:/home/bars/icarus_ws/install/ros2_control_demo_example_13:/home/bars/icarus_ws/install/ros2_control_demo_example_5:/home/bars/icarus_ws/install/ros2_control_demo_example_4:/home/bars/icarus_ws/install/ros2_control_demo_example_3:/home/bars/icarus_ws/install/ros2_control_demo_example_2:/home/bars/icarus_ws/install/ros2_control_demo_example_14:/home/bars/icarus_ws/install/ros2_control_demo_example_12:/home/bars/icarus_ws/install/ros2_control_demo_example_11:/home/bars/icarus_ws/install/ros2_control_demo_example_10:/home/bars/icarus_ws/install/ros2_control_demo_example_1:/opt/ros/humble /usr/bin/cmake --build /home/bars/icarus_ws/build/ros2_control_demo_example_9 -- -j20 -l20
[1.510s] [ 50%] [32mBuilding CXX object CMakeFiles/ros2_control_demo_example_9.dir/hardware/rrbot.cpp.o[0m
[7.380s] [100%] [32m[1mLinking CXX shared library libros2_control_demo_example_9.so[0m
[7.594s] [100%] Built target ros2_control_demo_example_9
[7.605s] Invoked command in '/home/bars/icarus_ws/build/ros2_control_demo_example_9' returned '0': CMAKE_PREFIX_PATH=/home/bars/icarus_ws/install/ros2_control_demo_description:/home/bars/icarus_ws/install/ros2_control_demos:/home/bars/icarus_ws/install/ros2_control_demo_example_9:/home/bars/icarus_ws/install/ros2_control_demo_example_8:/home/bars/icarus_ws/install/ros2_control_demo_example_7:/home/bars/icarus_ws/install/ros2_control_demo_example_6:/home/bars/icarus_ws/install/ros2_control_demo_example_15:/home/bars/icarus_ws/install/ros2_control_demo_example_13:/home/bars/icarus_ws/install/ros2_control_demo_example_5:/home/bars/icarus_ws/install/ros2_control_demo_example_4:/home/bars/icarus_ws/install/ros2_control_demo_example_3:/home/bars/icarus_ws/install/ros2_control_demo_example_2:/home/bars/icarus_ws/install/ros2_control_demo_example_14:/home/bars/icarus_ws/install/ros2_control_demo_example_12:/home/bars/icarus_ws/install/ros2_control_demo_example_11:/home/bars/icarus_ws/install/ros2_control_demo_example_10:/home/bars/icarus_ws/install/ros2_control_demo_example_1:/opt/ros/humble /usr/bin/cmake --build /home/bars/icarus_ws/build/ros2_control_demo_example_9 -- -j20 -l20
[7.606s] Invoking command in '/home/bars/icarus_ws/build/ros2_control_demo_example_9': CMAKE_PREFIX_PATH=/home/bars/icarus_ws/install/ros2_control_demo_description:/home/bars/icarus_ws/install/ros2_control_demos:/home/bars/icarus_ws/install/ros2_control_demo_example_9:/home/bars/icarus_ws/install/ros2_control_demo_example_8:/home/bars/icarus_ws/install/ros2_control_demo_example_7:/home/bars/icarus_ws/install/ros2_control_demo_example_6:/home/bars/icarus_ws/install/ros2_control_demo_example_15:/home/bars/icarus_ws/install/ros2_control_demo_example_13:/home/bars/icarus_ws/install/ros2_control_demo_example_5:/home/bars/icarus_ws/install/ros2_control_demo_example_4:/home/bars/icarus_ws/install/ros2_control_demo_example_3:/home/bars/icarus_ws/install/ros2_control_demo_example_2:/home/bars/icarus_ws/install/ros2_control_demo_example_14:/home/bars/icarus_ws/install/ros2_control_demo_example_12:/home/bars/icarus_ws/install/ros2_control_demo_example_11:/home/bars/icarus_ws/install/ros2_control_demo_example_10:/home/bars/icarus_ws/install/ros2_control_demo_example_1:/opt/ros/humble /usr/bin/cmake --install /home/bars/icarus_ws/build/ros2_control_demo_example_9
[7.616s] -- Install configuration: ""
[7.616s] -- Execute custom install script
[7.616s] -- Symlinking: /home/bars/icarus_ws/install/ros2_control_demo_example_9/share/ros2_control_demo_example_9//ros2_control_demo_example_9.xml
[7.626s] -- Symlinking: /home/bars/icarus_ws/install/ros2_control_demo_example_9/include/ros2_control_demo_example_9/ros2_control_demo_example_9/rrbot.hpp
[7.635s] -- Symlinking: /home/bars/icarus_ws/install/ros2_control_demo_example_9/share/ros2_control_demo_example_9/launch/view_robot.launch.py
[7.642s] -- Symlinking: /home/bars/icarus_ws/install/ros2_control_demo_example_9/share/ros2_control_demo_example_9/ros2_control/rrbot.ros2_control.xacro
[7.653s] -- Symlinking: /home/bars/icarus_ws/install/ros2_control_demo_example_9/share/ros2_control_demo_example_9/urdf/rrbot.urdf.xacro
[7.661s] -- Symlinking: /home/bars/icarus_ws/install/ros2_control_demo_example_9/share/ros2_control_demo_example_9/gazebo/rrbot.gazebo.xacro
[7.672s] -- Symlinking: /home/bars/icarus_ws/install/ros2_control_demo_example_9/share/ros2_control_demo_example_9/launch/rrbot.launch.py
[7.682s] -- Symlinking: /home/bars/icarus_ws/install/ros2_control_demo_example_9/share/ros2_control_demo_example_9/launch/rrbot_gazebo.launch.py
[7.688s] -- Symlinking: /home/bars/icarus_ws/install/ros2_control_demo_example_9/share/ros2_control_demo_example_9/launch/test_forward_position_controller.launch.py
[7.696s] -- Symlinking: /home/bars/icarus_ws/install/ros2_control_demo_example_9/share/ros2_control_demo_example_9/config/rrbot_controllers.yaml
[7.707s] -- Symlinking: /home/bars/icarus_ws/install/ros2_control_demo_example_9/share/ros2_control_demo_example_9/config/rrbot_forward_position_publisher.yaml
[7.715s] -- Symlinking: /home/bars/icarus_ws/install/ros2_control_demo_example_9/share/ros2_control_demo_example_9/environment/library_path.sh
[7.726s] -- Symlinking: /home/bars/icarus_ws/install/ros2_control_demo_example_9/share/ros2_control_demo_example_9/environment/library_path.dsv
[7.735s] -- Symlinking: /home/bars/icarus_ws/install/ros2_control_demo_example_9/share/ament_index/resource_index/package_run_dependencies/ros2_control_demo_example_9
[7.745s] -- Symlinking: /home/bars/icarus_ws/install/ros2_control_demo_example_9/share/ament_index/resource_index/parent_prefix_path/ros2_control_demo_example_9
[7.756s] -- Symlinking: /home/bars/icarus_ws/install/ros2_control_demo_example_9/share/ros2_control_demo_example_9/environment/ament_prefix_path.sh
[7.767s] -- Symlinking: /home/bars/icarus_ws/install/ros2_control_demo_example_9/share/ros2_control_demo_example_9/environment/ament_prefix_path.dsv
[7.778s] -- Symlinking: /home/bars/icarus_ws/install/ros2_control_demo_example_9/share/ros2_control_demo_example_9/environment/path.sh
[7.790s] -- Symlinking: /home/bars/icarus_ws/install/ros2_control_demo_example_9/share/ros2_control_demo_example_9/environment/path.dsv
[7.801s] -- Symlinking: /home/bars/icarus_ws/install/ros2_control_demo_example_9/share/ros2_control_demo_example_9/local_setup.bash
[7.809s] -- Symlinking: /home/bars/icarus_ws/install/ros2_control_demo_example_9/share/ros2_control_demo_example_9/local_setup.sh
[7.820s] -- Symlinking: /home/bars/icarus_ws/install/ros2_control_demo_example_9/share/ros2_control_demo_example_9/local_setup.zsh
[7.831s] -- Symlinking: /home/bars/icarus_ws/install/ros2_control_demo_example_9/share/ros2_control_demo_example_9/local_setup.dsv
[7.842s] -- Symlinking: /home/bars/icarus_ws/install/ros2_control_demo_example_9/share/ros2_control_demo_example_9/package.dsv
[7.850s] -- Symlinking: /home/bars/icarus_ws/install/ros2_control_demo_example_9/share/ament_index/resource_index/packages/ros2_control_demo_example_9
[7.859s] -- Symlinking: /home/bars/icarus_ws/install/ros2_control_demo_example_9/share/ament_index/resource_index/hardware_interface__pluginlib__plugin/ros2_control_demo_example_9
[7.870s] -- Symlinking: /home/bars/icarus_ws/install/ros2_control_demo_example_9/share/ros2_control_demo_example_9/cmake/ament_cmake_export_targets-extras.cmake
[7.879s] -- Symlinking: /home/bars/icarus_ws/install/ros2_control_demo_example_9/share/ros2_control_demo_example_9/cmake/ament_cmake_export_dependencies-extras.cmake
[7.887s] -- Symlinking: /home/bars/icarus_ws/install/ros2_control_demo_example_9/share/ros2_control_demo_example_9/cmake/ros2_control_demo_example_9Config.cmake
[7.897s] -- Symlinking: /home/bars/icarus_ws/install/ros2_control_demo_example_9/share/ros2_control_demo_example_9/cmake/ros2_control_demo_example_9Config-version.cmake
[7.907s] -- Symlinking: /home/bars/icarus_ws/install/ros2_control_demo_example_9/share/ros2_control_demo_example_9/package.xml
[7.917s] -- Installing: /home/bars/icarus_ws/install/ros2_control_demo_example_9/lib/libros2_control_demo_example_9.so
[7.917s] -- Set runtime path of "/home/bars/icarus_ws/install/ros2_control_demo_example_9/lib/libros2_control_demo_example_9.so" to ""
[7.917s] -- Installing: /home/bars/icarus_ws/install/ros2_control_demo_example_9/share/ros2_control_demo_example_9/cmake/export_ros2_control_demo_example_9Export.cmake
[7.917s] -- Installing: /home/bars/icarus_ws/install/ros2_control_demo_example_9/share/ros2_control_demo_example_9/cmake/export_ros2_control_demo_example_9Export-noconfig.cmake
[7.919s] Invoked command in '/home/bars/icarus_ws/build/ros2_control_demo_example_9' returned '0': CMAKE_PREFIX_PATH=/home/bars/icarus_ws/install/ros2_control_demo_description:/home/bars/icarus_ws/install/ros2_control_demos:/home/bars/icarus_ws/install/ros2_control_demo_example_9:/home/bars/icarus_ws/install/ros2_control_demo_example_8:/home/bars/icarus_ws/install/ros2_control_demo_example_7:/home/bars/icarus_ws/install/ros2_control_demo_example_6:/home/bars/icarus_ws/install/ros2_control_demo_example_15:/home/bars/icarus_ws/install/ros2_control_demo_example_13:/home/bars/icarus_ws/install/ros2_control_demo_example_5:/home/bars/icarus_ws/install/ros2_control_demo_example_4:/home/bars/icarus_ws/install/ros2_control_demo_example_3:/home/bars/icarus_ws/install/ros2_control_demo_example_2:/home/bars/icarus_ws/install/ros2_control_demo_example_14:/home/bars/icarus_ws/install/ros2_control_demo_example_12:/home/bars/icarus_ws/install/ros2_control_demo_example_11:/home/bars/icarus_ws/install/ros2_control_demo_example_10:/home/bars/icarus_ws/install/ros2_control_demo_example_1:/opt/ros/humble /usr/bin/cmake --install /home/bars/icarus_ws/build/ros2_control_demo_example_9
