-- The C compiler identification is GNU 11.4.0
-- The CXX compiler identification is GNU 11.4.0
-- Detecting C compiler ABI info
-- Detecting C compiler ABI info - done
-- Check for working C compiler: /usr/bin/cc - skipped
-- Detecting C compile features
-- Detecting C compile features - done
-- Detecting CXX compiler ABI info
-- Detecting CXX compiler ABI info - done
-- Check for working CXX compiler: /usr/bin/c++ - skipped
-- Detecting CXX compile features
-- Detecting CXX compile features - done
-- Found ament_cmake: 1.3.12 (/opt/ros/humble/share/ament_cmake/cmake)
-- Found Python3: /usr/bin/python3 (found version "3.10.12") found components: Interpreter 
-- Override CMake install command with custom implementation using symlinks instead of copying resources
-- Found launch_testing_ament_cmake: 1.0.13 (/opt/ros/humble/share/launch_testing_ament_cmake/cmake)
-- Found python_cmake_module: 0.10.0 (/opt/ros/humble/share/python_cmake_module/cmake)
-- Found PythonInterp: /usr/bin/python3 (found suitable version "3.10.12", minimum required is "3.6") 
-- Found PythonLibs: /usr/lib/x86_64-linux-gnu/libpython3.10.so (found suitable version "3.10.12", minimum required is "3.5") 
-- Using PYTHON_EXECUTABLE: /usr/bin/python3
-- Using PYTHON_INCLUDE_DIRS: /usr/include/python3.10
-- Using PYTHON_LIBRARIES: /usr/lib/x86_64-linux-gnu/libpython3.10.so
-- Found PythonExtra: .so  
-- Found ament_cmake_pytest: 1.3.12 (/opt/ros/humble/share/ament_cmake_pytest/cmake)
-- Configuring done
-- Generating done
-- Build files have been written to: /home/bars/icarus_ws/build/ur_simulation_gazebo
-- Install configuration: ""
-- Execute custom install script
-- Symlinking: /home/bars/icarus_ws/install/ur_simulation_gazebo/share/ur_simulation_gazebo/config/ur_controllers.yaml
-- Symlinking: /home/bars/icarus_ws/install/ur_simulation_gazebo/share/ur_simulation_gazebo/launch/ur_sim_control.launch.py
-- Symlinking: /home/bars/icarus_ws/install/ur_simulation_gazebo/share/ur_simulation_gazebo/launch/ur_sim_moveit.launch.py
-- Symlinking: /home/bars/icarus_ws/install/ur_simulation_gazebo/share/ament_index/resource_index/package_run_dependencies/ur_simulation_gazebo
-- Symlinking: /home/bars/icarus_ws/install/ur_simulation_gazebo/share/ament_index/resource_index/parent_prefix_path/ur_simulation_gazebo
-- Symlinking: /home/bars/icarus_ws/install/ur_simulation_gazebo/share/ur_simulation_gazebo/environment/ament_prefix_path.sh
-- Symlinking: /home/bars/icarus_ws/install/ur_simulation_gazebo/share/ur_simulation_gazebo/environment/ament_prefix_path.dsv
-- Symlinking: /home/bars/icarus_ws/install/ur_simulation_gazebo/share/ur_simulation_gazebo/environment/path.sh
-- Symlinking: /home/bars/icarus_ws/install/ur_simulation_gazebo/share/ur_simulation_gazebo/environment/path.dsv
-- Symlinking: /home/bars/icarus_ws/install/ur_simulation_gazebo/share/ur_simulation_gazebo/local_setup.bash
-- Symlinking: /home/bars/icarus_ws/install/ur_simulation_gazebo/share/ur_simulation_gazebo/local_setup.sh
-- Symlinking: /home/bars/icarus_ws/install/ur_simulation_gazebo/share/ur_simulation_gazebo/local_setup.zsh
-- Symlinking: /home/bars/icarus_ws/install/ur_simulation_gazebo/share/ur_simulation_gazebo/local_setup.dsv
-- Symlinking: /home/bars/icarus_ws/install/ur_simulation_gazebo/share/ur_simulation_gazebo/package.dsv
-- Symlinking: /home/bars/icarus_ws/install/ur_simulation_gazebo/share/ament_index/resource_index/packages/ur_simulation_gazebo
-- Symlinking: /home/bars/icarus_ws/install/ur_simulation_gazebo/share/ur_simulation_gazebo/cmake/ur_simulation_gazeboConfig.cmake
-- Symlinking: /home/bars/icarus_ws/install/ur_simulation_gazebo/share/ur_simulation_gazebo/cmake/ur_simulation_gazeboConfig-version.cmake
-- Symlinking: /home/bars/icarus_ws/install/ur_simulation_gazebo/share/ur_simulation_gazebo/package.xml
