[0.009s] Invoking command in '/home/bars/icarus_ws/build/ur_simulation_gazebo': AMENT_PREFIX_PATH=/home/bars/icarus_ws/install/ur_description:${AMENT_PREFIX_PATH} CMAKE_PREFIX_PATH=/home/bars/icarus_ws/install/ur_description:/home/bars/icarus_ws/install/ros2_control_demos:/home/bars/icarus_ws/install/ros2_control_demo_example_9:/home/bars/icarus_ws/install/ros2_control_demo_example_8:/home/bars/icarus_ws/install/ros2_control_demo_example_7:/home/bars/icarus_ws/install/ros2_control_demo_example_6:/home/bars/icarus_ws/install/ros2_control_demo_example_15:/home/bars/icarus_ws/install/ros2_control_demo_example_13:/home/bars/icarus_ws/install/ros2_control_demo_example_5:/home/bars/icarus_ws/install/ros2_control_demo_example_4:/home/bars/icarus_ws/install/ros2_control_demo_example_3:/home/bars/icarus_ws/install/ros2_control_demo_example_2:/home/bars/icarus_ws/install/ros2_control_demo_example_14:/home/bars/icarus_ws/install/ros2_control_demo_example_12:/home/bars/icarus_ws/install/ros2_control_demo_example_11:/home/bars/icarus_ws/install/ros2_control_demo_example_10:/home/bars/icarus_ws/install/ros2_control_demo_example_1:/home/bars/icarus_ws/install/ros2_control_demo_description:/opt/ros/humble /usr/bin/cmake /home/bars/icarus_ws/src/Universal_Robots_ROS2_Gazebo_Simulation/ur_simulation_gazebo -DAMENT_CMAKE_SYMLINK_INSTALL=1 -DCMAKE_INSTALL_PREFIX=/home/bars/icarus_ws/install/ur_simulation_gazebo
[3.129s] -- The C compiler identification is GNU 11.4.0
[3.129s] -- The CXX compiler identification is GNU 11.4.0
[3.129s] -- Detecting C compiler ABI info
[3.129s] -- Detecting C compiler ABI info - done
[3.129s] -- Check for working C compiler: /usr/bin/cc - skipped
[3.129s] -- Detecting C compile features
[3.129s] -- Detecting C compile features - done
[3.129s] -- Detecting CXX compiler ABI info
[3.130s] -- Detecting CXX compiler ABI info - done
[3.130s] -- Check for working CXX compiler: /usr/bin/c++ - skipped
[3.130s] -- Detecting CXX compile features
[3.130s] -- Detecting CXX compile features - done
[3.130s] -- Found ament_cmake: 1.3.12 (/opt/ros/humble/share/ament_cmake/cmake)
[3.130s] -- Found Python3: /usr/bin/python3 (found version "3.10.12") found components: Interpreter 
[3.130s] -- Override CMake install command with custom implementation using symlinks instead of copying resources
[3.130s] -- Found launch_testing_ament_cmake: 1.0.13 (/opt/ros/humble/share/launch_testing_ament_cmake/cmake)
[3.130s] -- Found python_cmake_module: 0.10.0 (/opt/ros/humble/share/python_cmake_module/cmake)
[3.130s] -- Found PythonInterp: /usr/bin/python3 (found suitable version "3.10.12", minimum required is "3.6") 
[3.130s] -- Found PythonLibs: /usr/lib/x86_64-linux-gnu/libpython3.10.so (found suitable version "3.10.12", minimum required is "3.5") 
[3.130s] -- Using PYTHON_EXECUTABLE: /usr/bin/python3
[3.130s] -- Using PYTHON_INCLUDE_DIRS: /usr/include/python3.10
[3.130s] -- Using PYTHON_LIBRARIES: /usr/lib/x86_64-linux-gnu/libpython3.10.so
[3.131s] -- Found PythonExtra: .so  
[3.131s] -- Found ament_cmake_pytest: 1.3.12 (/opt/ros/humble/share/ament_cmake_pytest/cmake)
[3.131s] -- Configuring done
[3.131s] -- Generating done
[3.131s] -- Build files have been written to: /home/bars/icarus_ws/build/ur_simulation_gazebo
[3.137s] Invoked command in '/home/bars/icarus_ws/build/ur_simulation_gazebo' returned '0': AMENT_PREFIX_PATH=/home/bars/icarus_ws/install/ur_description:${AMENT_PREFIX_PATH} CMAKE_PREFIX_PATH=/home/bars/icarus_ws/install/ur_description:/home/bars/icarus_ws/install/ros2_control_demos:/home/bars/icarus_ws/install/ros2_control_demo_example_9:/home/bars/icarus_ws/install/ros2_control_demo_example_8:/home/bars/icarus_ws/install/ros2_control_demo_example_7:/home/bars/icarus_ws/install/ros2_control_demo_example_6:/home/bars/icarus_ws/install/ros2_control_demo_example_15:/home/bars/icarus_ws/install/ros2_control_demo_example_13:/home/bars/icarus_ws/install/ros2_control_demo_example_5:/home/bars/icarus_ws/install/ros2_control_demo_example_4:/home/bars/icarus_ws/install/ros2_control_demo_example_3:/home/bars/icarus_ws/install/ros2_control_demo_example_2:/home/bars/icarus_ws/install/ros2_control_demo_example_14:/home/bars/icarus_ws/install/ros2_control_demo_example_12:/home/bars/icarus_ws/install/ros2_control_demo_example_11:/home/bars/icarus_ws/install/ros2_control_demo_example_10:/home/bars/icarus_ws/install/ros2_control_demo_example_1:/home/bars/icarus_ws/install/ros2_control_demo_description:/opt/ros/humble /usr/bin/cmake /home/bars/icarus_ws/src/Universal_Robots_ROS2_Gazebo_Simulation/ur_simulation_gazebo -DAMENT_CMAKE_SYMLINK_INSTALL=1 -DCMAKE_INSTALL_PREFIX=/home/bars/icarus_ws/install/ur_simulation_gazebo
[3.139s] Invoking command in '/home/bars/icarus_ws/build/ur_simulation_gazebo': AMENT_PREFIX_PATH=/home/bars/icarus_ws/install/ur_description:${AMENT_PREFIX_PATH} CMAKE_PREFIX_PATH=/home/bars/icarus_ws/install/ur_description:/home/bars/icarus_ws/install/ros2_control_demos:/home/bars/icarus_ws/install/ros2_control_demo_example_9:/home/bars/icarus_ws/install/ros2_control_demo_example_8:/home/bars/icarus_ws/install/ros2_control_demo_example_7:/home/bars/icarus_ws/install/ros2_control_demo_example_6:/home/bars/icarus_ws/install/ros2_control_demo_example_15:/home/bars/icarus_ws/install/ros2_control_demo_example_13:/home/bars/icarus_ws/install/ros2_control_demo_example_5:/home/bars/icarus_ws/install/ros2_control_demo_example_4:/home/bars/icarus_ws/install/ros2_control_demo_example_3:/home/bars/icarus_ws/install/ros2_control_demo_example_2:/home/bars/icarus_ws/install/ros2_control_demo_example_14:/home/bars/icarus_ws/install/ros2_control_demo_example_12:/home/bars/icarus_ws/install/ros2_control_demo_example_11:/home/bars/icarus_ws/install/ros2_control_demo_example_10:/home/bars/icarus_ws/install/ros2_control_demo_example_1:/home/bars/icarus_ws/install/ros2_control_demo_description:/opt/ros/humble /usr/bin/cmake --build /home/bars/icarus_ws/build/ur_simulation_gazebo -- -j20 -l20
[3.187s] Invoked command in '/home/bars/icarus_ws/build/ur_simulation_gazebo' returned '0': AMENT_PREFIX_PATH=/home/bars/icarus_ws/install/ur_description:${AMENT_PREFIX_PATH} CMAKE_PREFIX_PATH=/home/bars/icarus_ws/install/ur_description:/home/bars/icarus_ws/install/ros2_control_demos:/home/bars/icarus_ws/install/ros2_control_demo_example_9:/home/bars/icarus_ws/install/ros2_control_demo_example_8:/home/bars/icarus_ws/install/ros2_control_demo_example_7:/home/bars/icarus_ws/install/ros2_control_demo_example_6:/home/bars/icarus_ws/install/ros2_control_demo_example_15:/home/bars/icarus_ws/install/ros2_control_demo_example_13:/home/bars/icarus_ws/install/ros2_control_demo_example_5:/home/bars/icarus_ws/install/ros2_control_demo_example_4:/home/bars/icarus_ws/install/ros2_control_demo_example_3:/home/bars/icarus_ws/install/ros2_control_demo_example_2:/home/bars/icarus_ws/install/ros2_control_demo_example_14:/home/bars/icarus_ws/install/ros2_control_demo_example_12:/home/bars/icarus_ws/install/ros2_control_demo_example_11:/home/bars/icarus_ws/install/ros2_control_demo_example_10:/home/bars/icarus_ws/install/ros2_control_demo_example_1:/home/bars/icarus_ws/install/ros2_control_demo_description:/opt/ros/humble /usr/bin/cmake --build /home/bars/icarus_ws/build/ur_simulation_gazebo -- -j20 -l20
[3.189s] Invoking command in '/home/bars/icarus_ws/build/ur_simulation_gazebo': AMENT_PREFIX_PATH=/home/bars/icarus_ws/install/ur_description:${AMENT_PREFIX_PATH} CMAKE_PREFIX_PATH=/home/bars/icarus_ws/install/ur_description:/home/bars/icarus_ws/install/ros2_control_demos:/home/bars/icarus_ws/install/ros2_control_demo_example_9:/home/bars/icarus_ws/install/ros2_control_demo_example_8:/home/bars/icarus_ws/install/ros2_control_demo_example_7:/home/bars/icarus_ws/install/ros2_control_demo_example_6:/home/bars/icarus_ws/install/ros2_control_demo_example_15:/home/bars/icarus_ws/install/ros2_control_demo_example_13:/home/bars/icarus_ws/install/ros2_control_demo_example_5:/home/bars/icarus_ws/install/ros2_control_demo_example_4:/home/bars/icarus_ws/install/ros2_control_demo_example_3:/home/bars/icarus_ws/install/ros2_control_demo_example_2:/home/bars/icarus_ws/install/ros2_control_demo_example_14:/home/bars/icarus_ws/install/ros2_control_demo_example_12:/home/bars/icarus_ws/install/ros2_control_demo_example_11:/home/bars/icarus_ws/install/ros2_control_demo_example_10:/home/bars/icarus_ws/install/ros2_control_demo_example_1:/home/bars/icarus_ws/install/ros2_control_demo_description:/opt/ros/humble /usr/bin/cmake --install /home/bars/icarus_ws/build/ur_simulation_gazebo
[3.196s] -- Install configuration: ""
[3.197s] -- Execute custom install script
[3.197s] -- Symlinking: /home/bars/icarus_ws/install/ur_simulation_gazebo/share/ur_simulation_gazebo/config/ur_controllers.yaml
[3.206s] -- Symlinking: /home/bars/icarus_ws/install/ur_simulation_gazebo/share/ur_simulation_gazebo/launch/ur_sim_control.launch.py
[3.215s] -- Symlinking: /home/bars/icarus_ws/install/ur_simulation_gazebo/share/ur_simulation_gazebo/launch/ur_sim_moveit.launch.py
[3.223s] -- Symlinking: /home/bars/icarus_ws/install/ur_simulation_gazebo/share/ament_index/resource_index/package_run_dependencies/ur_simulation_gazebo
[3.233s] -- Symlinking: /home/bars/icarus_ws/install/ur_simulation_gazebo/share/ament_index/resource_index/parent_prefix_path/ur_simulation_gazebo
[3.246s] -- Symlinking: /home/bars/icarus_ws/install/ur_simulation_gazebo/share/ur_simulation_gazebo/environment/ament_prefix_path.sh
[3.256s] -- Symlinking: /home/bars/icarus_ws/install/ur_simulation_gazebo/share/ur_simulation_gazebo/environment/ament_prefix_path.dsv
[3.270s] -- Symlinking: /home/bars/icarus_ws/install/ur_simulation_gazebo/share/ur_simulation_gazebo/environment/path.sh
[3.282s] -- Symlinking: /home/bars/icarus_ws/install/ur_simulation_gazebo/share/ur_simulation_gazebo/environment/path.dsv
[3.295s] -- Symlinking: /home/bars/icarus_ws/install/ur_simulation_gazebo/share/ur_simulation_gazebo/local_setup.bash
[3.308s] -- Symlinking: /home/bars/icarus_ws/install/ur_simulation_gazebo/share/ur_simulation_gazebo/local_setup.sh
[3.321s] -- Symlinking: /home/bars/icarus_ws/install/ur_simulation_gazebo/share/ur_simulation_gazebo/local_setup.zsh
[3.333s] -- Symlinking: /home/bars/icarus_ws/install/ur_simulation_gazebo/share/ur_simulation_gazebo/local_setup.dsv
[3.343s] -- Symlinking: /home/bars/icarus_ws/install/ur_simulation_gazebo/share/ur_simulation_gazebo/package.dsv
[3.354s] -- Symlinking: /home/bars/icarus_ws/install/ur_simulation_gazebo/share/ament_index/resource_index/packages/ur_simulation_gazebo
[3.365s] -- Symlinking: /home/bars/icarus_ws/install/ur_simulation_gazebo/share/ur_simulation_gazebo/cmake/ur_simulation_gazeboConfig.cmake
[3.374s] -- Symlinking: /home/bars/icarus_ws/install/ur_simulation_gazebo/share/ur_simulation_gazebo/cmake/ur_simulation_gazeboConfig-version.cmake
[3.382s] -- Symlinking: /home/bars/icarus_ws/install/ur_simulation_gazebo/share/ur_simulation_gazebo/package.xml
[3.396s] Invoked command in '/home/bars/icarus_ws/build/ur_simulation_gazebo' returned '0': AMENT_PREFIX_PATH=/home/bars/icarus_ws/install/ur_description:${AMENT_PREFIX_PATH} CMAKE_PREFIX_PATH=/home/bars/icarus_ws/install/ur_description:/home/bars/icarus_ws/install/ros2_control_demos:/home/bars/icarus_ws/install/ros2_control_demo_example_9:/home/bars/icarus_ws/install/ros2_control_demo_example_8:/home/bars/icarus_ws/install/ros2_control_demo_example_7:/home/bars/icarus_ws/install/ros2_control_demo_example_6:/home/bars/icarus_ws/install/ros2_control_demo_example_15:/home/bars/icarus_ws/install/ros2_control_demo_example_13:/home/bars/icarus_ws/install/ros2_control_demo_example_5:/home/bars/icarus_ws/install/ros2_control_demo_example_4:/home/bars/icarus_ws/install/ros2_control_demo_example_3:/home/bars/icarus_ws/install/ros2_control_demo_example_2:/home/bars/icarus_ws/install/ros2_control_demo_example_14:/home/bars/icarus_ws/install/ros2_control_demo_example_12:/home/bars/icarus_ws/install/ros2_control_demo_example_11:/home/bars/icarus_ws/install/ros2_control_demo_example_10:/home/bars/icarus_ws/install/ros2_control_demo_example_1:/home/bars/icarus_ws/install/ros2_control_demo_description:/opt/ros/humble /usr/bin/cmake --install /home/bars/icarus_ws/build/ur_simulation_gazebo
