-- The CXX compiler identification is GNU 11.4.0
-- Detecting CXX compiler ABI info
-- Detecting CXX compiler ABI info - done
-- Check for working CXX compiler: /usr/bin/c++ - skipped
-- Detecting CXX compile features
-- Detecting CXX compile features - done
-- Found ament_cmake: 1.3.12 (/opt/ros/humble/share/ament_cmake/cmake)
-- Found Python3: /usr/bin/python3 (found version "3.10.12") found components: Interpreter 
-- Override CMake install command with custom implementation using symlinks instead of copying resources
-- Found ament_cmake_ros: 0.10.0 (/opt/ros/humble/share/ament_cmake_ros/cmake)
-- Found launch_testing_ament_cmake: 1.0.13 (/opt/ros/humble/share/launch_testing_ament_cmake/cmake)
-- Found python_cmake_module: 0.10.0 (/opt/ros/humble/share/python_cmake_module/cmake)
-- Found PythonInterp: /usr/bin/python3 (found suitable version "3.10.12", minimum required is "3.6") 
-- Found PythonLibs: /usr/lib/x86_64-linux-gnu/libpython3.10.so (found suitable version "3.10.12", minimum required is "3.5") 
-- Using PYTHON_EXECUTABLE: /usr/bin/python3
-- Using PYTHON_INCLUDE_DIRS: /usr/include/python3.10
-- Using PYTHON_LIBRARIES: /usr/lib/x86_64-linux-gnu/libpython3.10.so
-- Found PythonExtra: .so  
-- Configuring done
-- Generating done
-- Build files have been written to: /home/bars/icarus_ws/build/ros2_control_demo_example_13
-- Install configuration: ""
-- Execute custom install script
-- Symlinking: /home/bars/icarus_ws/install/ros2_control_demo_example_13/share/ros2_control_demo_example_13/ros2_control/threedofbot.ros2_control.xacro
-- Symlinking: /home/bars/icarus_ws/install/ros2_control_demo_example_13/share/ros2_control_demo_example_13/urdf/three_robots.urdf.xacro
-- Symlinking: /home/bars/icarus_ws/install/ros2_control_demo_example_13/share/ros2_control_demo_example_13/rviz/three_robots.rviz
-- Symlinking: /home/bars/icarus_ws/install/ros2_control_demo_example_13/share/ros2_control_demo_example_13/launch/three_robots.launch.py
-- Symlinking: /home/bars/icarus_ws/install/ros2_control_demo_example_13/share/ros2_control_demo_example_13/config/three_robots_controllers.yaml
-- Symlinking: /home/bars/icarus_ws/install/ros2_control_demo_example_13/share/ros2_control_demo_example_13/config/three_robots_position_command_publishers.yaml
-- Symlinking: /home/bars/icarus_ws/install/ros2_control_demo_example_13/share/ament_index/resource_index/package_run_dependencies/ros2_control_demo_example_13
-- Symlinking: /home/bars/icarus_ws/install/ros2_control_demo_example_13/share/ament_index/resource_index/parent_prefix_path/ros2_control_demo_example_13
-- Symlinking: /home/bars/icarus_ws/install/ros2_control_demo_example_13/share/ros2_control_demo_example_13/environment/ament_prefix_path.sh
-- Symlinking: /home/bars/icarus_ws/install/ros2_control_demo_example_13/share/ros2_control_demo_example_13/environment/ament_prefix_path.dsv
-- Symlinking: /home/bars/icarus_ws/install/ros2_control_demo_example_13/share/ros2_control_demo_example_13/environment/path.sh
-- Symlinking: /home/bars/icarus_ws/install/ros2_control_demo_example_13/share/ros2_control_demo_example_13/environment/path.dsv
-- Symlinking: /home/bars/icarus_ws/install/ros2_control_demo_example_13/share/ros2_control_demo_example_13/local_setup.bash
-- Symlinking: /home/bars/icarus_ws/install/ros2_control_demo_example_13/share/ros2_control_demo_example_13/local_setup.sh
-- Symlinking: /home/bars/icarus_ws/install/ros2_control_demo_example_13/share/ros2_control_demo_example_13/local_setup.zsh
-- Symlinking: /home/bars/icarus_ws/install/ros2_control_demo_example_13/share/ros2_control_demo_example_13/local_setup.dsv
-- Symlinking: /home/bars/icarus_ws/install/ros2_control_demo_example_13/share/ros2_control_demo_example_13/package.dsv
-- Symlinking: /home/bars/icarus_ws/install/ros2_control_demo_example_13/share/ament_index/resource_index/packages/ros2_control_demo_example_13
-- Symlinking: /home/bars/icarus_ws/install/ros2_control_demo_example_13/share/ros2_control_demo_example_13/cmake/ros2_control_demo_example_13Config.cmake
-- Symlinking: /home/bars/icarus_ws/install/ros2_control_demo_example_13/share/ros2_control_demo_example_13/cmake/ros2_control_demo_example_13Config-version.cmake
-- Symlinking: /home/bars/icarus_ws/install/ros2_control_demo_example_13/share/ros2_control_demo_example_13/package.xml
