[0.010s] Invoking command in '/home/bars/icarus_ws/build/ros2_control_demo_description': CMAKE_PREFIX_PATH=${CMAKE_PREFIX_PATH}:/opt/ros/humble /usr/bin/cmake /home/bars/icarus_ws/src/ros2_control_demos/ros2_control_demo_description -DAMENT_CMAKE_SYMLINK_INSTALL=1 -DCMAKE_INSTALL_PREFIX=/home/bars/icarus_ws/install/ros2_control_demo_description
[0.087s] -- The C compiler identification is GNU 11.4.0
[0.147s] -- The CXX compiler identification is GNU 11.4.0
[0.153s] -- Detecting C compiler ABI info
[0.210s] -- Detecting C compiler ABI info - done
[0.215s] -- Check for working C compiler: /usr/bin/cc - skipped
[0.215s] -- Detecting C compile features
[0.215s] -- Detecting C compile features - done
[0.218s] -- Detecting CXX compiler ABI info
[0.279s] -- Detecting CXX compiler ABI info - done
[0.283s] -- Check for working CXX compiler: /usr/bin/c++ - skipped
[0.284s] -- Detecting CXX compile features
[0.284s] -- Detecting CXX compile features - done
[0.288s] -- Found ament_cmake: 1.3.12 (/opt/ros/humble/share/ament_cmake/cmake)
[0.392s] -- Found Python3: /usr/bin/python3 (found version "3.10.12") found components: Interpreter 
[0.435s] -- Override CMake install command with custom implementation using symlinks instead of copying resources
[0.501s] -- Configuring done
[0.502s] -- Generating done
[0.503s] -- Build files have been written to: /home/bars/icarus_ws/build/ros2_control_demo_description
[0.505s] Invoked command in '/home/bars/icarus_ws/build/ros2_control_demo_description' returned '0': CMAKE_PREFIX_PATH=${CMAKE_PREFIX_PATH}:/opt/ros/humble /usr/bin/cmake /home/bars/icarus_ws/src/ros2_control_demos/ros2_control_demo_description -DAMENT_CMAKE_SYMLINK_INSTALL=1 -DCMAKE_INSTALL_PREFIX=/home/bars/icarus_ws/install/ros2_control_demo_description
[0.507s] Invoking command in '/home/bars/icarus_ws/build/ros2_control_demo_description': CMAKE_PREFIX_PATH=${CMAKE_PREFIX_PATH}:/opt/ros/humble /usr/bin/cmake --build /home/bars/icarus_ws/build/ros2_control_demo_description -- -j20 -l20
[0.532s] Invoked command in '/home/bars/icarus_ws/build/ros2_control_demo_description' returned '0': CMAKE_PREFIX_PATH=${CMAKE_PREFIX_PATH}:/opt/ros/humble /usr/bin/cmake --build /home/bars/icarus_ws/build/ros2_control_demo_description -- -j20 -l20
[0.539s] Invoking command in '/home/bars/icarus_ws/build/ros2_control_demo_description': CMAKE_PREFIX_PATH=${CMAKE_PREFIX_PATH}:/opt/ros/humble /usr/bin/cmake --install /home/bars/icarus_ws/build/ros2_control_demo_description
[0.543s] -- Install configuration: ""
[0.544s] -- Execute custom install script
[0.544s] -- Symlinking: /home/bars/icarus_ws/install/ros2_control_demo_description/share/ros2_control_demo_description/rrbot/urdf/rrbot.materials.xacro
[0.549s] -- Symlinking: /home/bars/icarus_ws/install/ros2_control_demo_description/share/ros2_control_demo_description/rrbot/urdf/rrbot_description.urdf.xacro
[0.556s] -- Symlinking: /home/bars/icarus_ws/install/ros2_control_demo_description/share/ros2_control_demo_description/rrbot/rviz/rrbot.rviz
[0.562s] -- Symlinking: /home/bars/icarus_ws/install/ros2_control_demo_description/share/ros2_control_demo_description/diffbot/urdf/diffbot.materials.xacro
[0.567s] -- Symlinking: /home/bars/icarus_ws/install/ros2_control_demo_description/share/ros2_control_demo_description/diffbot/urdf/diffbot_description.urdf.xacro
[0.573s] -- Symlinking: /home/bars/icarus_ws/install/ros2_control_demo_description/share/ros2_control_demo_description/diffbot/rviz/diffbot.rviz
[0.579s] -- Symlinking: /home/bars/icarus_ws/install/ros2_control_demo_description/share/ros2_control_demo_description/diffbot/rviz/diffbot_view.rviz
[0.584s] -- Symlinking: /home/bars/icarus_ws/install/ros2_control_demo_description/share/ros2_control_demo_description/carlikebot/urdf/carlikebot.materials.xacro
[0.590s] -- Symlinking: /home/bars/icarus_ws/install/ros2_control_demo_description/share/ros2_control_demo_description/carlikebot/urdf/carlikebot_description.urdf.xacro
[0.595s] -- Symlinking: /home/bars/icarus_ws/install/ros2_control_demo_description/share/ros2_control_demo_description/carlikebot/rviz/carlikebot.rviz
[0.600s] -- Symlinking: /home/bars/icarus_ws/install/ros2_control_demo_description/share/ros2_control_demo_description/carlikebot/rviz/carlikebot_view.rviz
[0.605s] -- Symlinking: /home/bars/icarus_ws/install/ros2_control_demo_description/share/ros2_control_demo_description/r3bot/urdf/threedofbot_description.urdf.xacro
[0.611s] -- Symlinking: /home/bars/icarus_ws/install/ros2_control_demo_description/share/ros2_control_demo_description/r6bot/meshes/collision/link_0.stl
[0.618s] -- Symlinking: /home/bars/icarus_ws/install/ros2_control_demo_description/share/ros2_control_demo_description/r6bot/meshes/collision/link_1.stl
[0.623s] -- Symlinking: /home/bars/icarus_ws/install/ros2_control_demo_description/share/ros2_control_demo_description/r6bot/meshes/collision/link_2.stl
[0.628s] -- Symlinking: /home/bars/icarus_ws/install/ros2_control_demo_description/share/ros2_control_demo_description/r6bot/meshes/collision/link_3.stl
[0.635s] -- Symlinking: /home/bars/icarus_ws/install/ros2_control_demo_description/share/ros2_control_demo_description/r6bot/meshes/collision/link_4.stl
[0.640s] -- Symlinking: /home/bars/icarus_ws/install/ros2_control_demo_description/share/ros2_control_demo_description/r6bot/meshes/collision/link_5.stl
[0.647s] -- Symlinking: /home/bars/icarus_ws/install/ros2_control_demo_description/share/ros2_control_demo_description/r6bot/meshes/collision/link_6.stl
[0.652s] -- Symlinking: /home/bars/icarus_ws/install/ros2_control_demo_description/share/ros2_control_demo_description/r6bot/meshes/visual/link_0.dae
[0.658s] -- Symlinking: /home/bars/icarus_ws/install/ros2_control_demo_description/share/ros2_control_demo_description/r6bot/meshes/visual/link_1.dae
[0.663s] -- Symlinking: /home/bars/icarus_ws/install/ros2_control_demo_description/share/ros2_control_demo_description/r6bot/meshes/visual/link_2.dae
[0.669s] -- Symlinking: /home/bars/icarus_ws/install/ros2_control_demo_description/share/ros2_control_demo_description/r6bot/meshes/visual/link_3.dae
[0.675s] -- Symlinking: /home/bars/icarus_ws/install/ros2_control_demo_description/share/ros2_control_demo_description/r6bot/meshes/visual/link_4.dae
[0.682s] -- Symlinking: /home/bars/icarus_ws/install/ros2_control_demo_description/share/ros2_control_demo_description/r6bot/meshes/visual/link_5.dae
[0.688s] -- Symlinking: /home/bars/icarus_ws/install/ros2_control_demo_description/share/ros2_control_demo_description/r6bot/meshes/visual/link_6.dae
[0.693s] -- Symlinking: /home/bars/icarus_ws/install/ros2_control_demo_description/share/ros2_control_demo_description/r6bot/srdf/r6bot.srdf
[0.698s] -- Symlinking: /home/bars/icarus_ws/install/ros2_control_demo_description/share/ros2_control_demo_description/r6bot/urdf/inc/create_link.xacro
[0.704s] -- Symlinking: /home/bars/icarus_ws/install/ros2_control_demo_description/share/ros2_control_demo_description/r6bot/urdf/r6bot_description.urdf.xacro
[0.710s] -- Symlinking: /home/bars/icarus_ws/install/ros2_control_demo_description/share/ros2_control_demo_description/r6bot/rviz/view_robot.rviz
[0.716s] -- Symlinking: /home/bars/icarus_ws/install/ros2_control_demo_description/share/ament_index/resource_index/package_run_dependencies/ros2_control_demo_description
[0.723s] -- Symlinking: /home/bars/icarus_ws/install/ros2_control_demo_description/share/ament_index/resource_index/parent_prefix_path/ros2_control_demo_description
[0.730s] -- Symlinking: /home/bars/icarus_ws/install/ros2_control_demo_description/share/ros2_control_demo_description/environment/ament_prefix_path.sh
[0.736s] -- Symlinking: /home/bars/icarus_ws/install/ros2_control_demo_description/share/ros2_control_demo_description/environment/ament_prefix_path.dsv
[0.740s] -- Symlinking: /home/bars/icarus_ws/install/ros2_control_demo_description/share/ros2_control_demo_description/environment/path.sh
[0.746s] -- Symlinking: /home/bars/icarus_ws/install/ros2_control_demo_description/share/ros2_control_demo_description/environment/path.dsv
[0.752s] -- Symlinking: /home/bars/icarus_ws/install/ros2_control_demo_description/share/ros2_control_demo_description/local_setup.bash
[0.757s] -- Symlinking: /home/bars/icarus_ws/install/ros2_control_demo_description/share/ros2_control_demo_description/local_setup.sh
[0.763s] -- Symlinking: /home/bars/icarus_ws/install/ros2_control_demo_description/share/ros2_control_demo_description/local_setup.zsh
[0.768s] -- Symlinking: /home/bars/icarus_ws/install/ros2_control_demo_description/share/ros2_control_demo_description/local_setup.dsv
[0.773s] -- Symlinking: /home/bars/icarus_ws/install/ros2_control_demo_description/share/ros2_control_demo_description/package.dsv
[0.780s] -- Symlinking: /home/bars/icarus_ws/install/ros2_control_demo_description/share/ament_index/resource_index/packages/ros2_control_demo_description
[0.786s] -- Symlinking: /home/bars/icarus_ws/install/ros2_control_demo_description/share/ros2_control_demo_description/cmake/ros2_control_demo_descriptionConfig.cmake
[0.792s] -- Symlinking: /home/bars/icarus_ws/install/ros2_control_demo_description/share/ros2_control_demo_description/cmake/ros2_control_demo_descriptionConfig-version.cmake
[0.798s] -- Symlinking: /home/bars/icarus_ws/install/ros2_control_demo_description/share/ros2_control_demo_description/package.xml
[0.804s] Invoked command in '/home/bars/icarus_ws/build/ros2_control_demo_description' returned '0': CMAKE_PREFIX_PATH=${CMAKE_PREFIX_PATH}:/opt/ros/humble /usr/bin/cmake --install /home/bars/icarus_ws/build/ros2_control_demo_description
